Archive member included to satisfy reference by file (symbol)

/opt/homebrew/Cellar/arm-none-eabi-gcc/10.3-2021.07/gcc/bin/../lib/gcc/arm-none-eabi/10.3.1/../../../../arm-none-eabi/lib/thumb/v7e-m+fp/hard/libc_nano.a(lib_a-exit.o)
                              /opt/homebrew/Cellar/arm-none-eabi-gcc/10.3-2021.07/gcc/bin/../lib/gcc/arm-none-eabi/10.3.1/../../../../arm-none-eabi/lib/thumb/v7e-m+fp/hard/crt0.o (exit)
/opt/homebrew/Cellar/arm-none-eabi-gcc/10.3-2021.07/gcc/bin/../lib/gcc/arm-none-eabi/10.3.1/../../../../arm-none-eabi/lib/thumb/v7e-m+fp/hard/libc_nano.a(lib_a-impure.o)
                              /opt/homebrew/Cellar/arm-none-eabi-gcc/10.3-2021.07/gcc/bin/../lib/gcc/arm-none-eabi/10.3.1/../../../../arm-none-eabi/lib/thumb/v7e-m+fp/hard/libc_nano.a(lib_a-exit.o) (_global_impure_ptr)
/opt/homebrew/Cellar/arm-none-eabi-gcc/10.3-2021.07/gcc/bin/../lib/gcc/arm-none-eabi/10.3.1/../../../../arm-none-eabi/lib/thumb/v7e-m+fp/hard/libc_nano.a(lib_a-init.o)
                              /opt/homebrew/Cellar/arm-none-eabi-gcc/10.3-2021.07/gcc/bin/../lib/gcc/arm-none-eabi/10.3.1/../../../../arm-none-eabi/lib/thumb/v7e-m+fp/hard/crt0.o (__libc_init_array)
/opt/homebrew/Cellar/arm-none-eabi-gcc/10.3-2021.07/gcc/bin/../lib/gcc/arm-none-eabi/10.3.1/../../../../arm-none-eabi/lib/thumb/v7e-m+fp/hard/libc_nano.a(lib_a-memcpy-stub.o)
                              build/queue.o (memcpy)
/opt/homebrew/Cellar/arm-none-eabi-gcc/10.3-2021.07/gcc/bin/../lib/gcc/arm-none-eabi/10.3.1/../../../../arm-none-eabi/lib/thumb/v7e-m+fp/hard/libc_nano.a(lib_a-memset.o)
                              /opt/homebrew/Cellar/arm-none-eabi-gcc/10.3-2021.07/gcc/bin/../lib/gcc/arm-none-eabi/10.3.1/../../../../arm-none-eabi/lib/thumb/v7e-m+fp/hard/crt0.o (memset)
/opt/homebrew/Cellar/arm-none-eabi-gcc/10.3-2021.07/gcc/bin/../lib/gcc/arm-none-eabi/10.3.1/../../../../arm-none-eabi/lib/thumb/v7e-m+fp/hard/libnosys.a(_exit.o)
                              /opt/homebrew/Cellar/arm-none-eabi-gcc/10.3-2021.07/gcc/bin/../lib/gcc/arm-none-eabi/10.3.1/../../../../arm-none-eabi/lib/thumb/v7e-m+fp/hard/libc_nano.a(lib_a-exit.o) (_exit)

Discarded input sections

 .text          0x0000000000000000        0x0 /opt/homebrew/Cellar/arm-none-eabi-gcc/10.3-2021.07/gcc/bin/../lib/gcc/arm-none-eabi/10.3.1/thumb/v7e-m+fp/hard/crti.o
 .data          0x0000000000000000        0x0 /opt/homebrew/Cellar/arm-none-eabi-gcc/10.3-2021.07/gcc/bin/../lib/gcc/arm-none-eabi/10.3.1/thumb/v7e-m+fp/hard/crti.o
 .bss           0x0000000000000000        0x0 /opt/homebrew/Cellar/arm-none-eabi-gcc/10.3-2021.07/gcc/bin/../lib/gcc/arm-none-eabi/10.3.1/thumb/v7e-m+fp/hard/crti.o
 .data          0x0000000000000000        0x4 /opt/homebrew/Cellar/arm-none-eabi-gcc/10.3-2021.07/gcc/bin/../lib/gcc/arm-none-eabi/10.3.1/thumb/v7e-m+fp/hard/crtbegin.o
 .rodata        0x0000000000000000       0x24 /opt/homebrew/Cellar/arm-none-eabi-gcc/10.3-2021.07/gcc/bin/../lib/gcc/arm-none-eabi/10.3.1/thumb/v7e-m+fp/hard/crtbegin.o
 .text          0x0000000000000000       0x7c /opt/homebrew/Cellar/arm-none-eabi-gcc/10.3-2021.07/gcc/bin/../lib/gcc/arm-none-eabi/10.3.1/../../../../arm-none-eabi/lib/thumb/v7e-m+fp/hard/crt0.o
 .data          0x0000000000000000        0x0 /opt/homebrew/Cellar/arm-none-eabi-gcc/10.3-2021.07/gcc/bin/../lib/gcc/arm-none-eabi/10.3.1/../../../../arm-none-eabi/lib/thumb/v7e-m+fp/hard/crt0.o
 .bss           0x0000000000000000        0x0 /opt/homebrew/Cellar/arm-none-eabi-gcc/10.3-2021.07/gcc/bin/../lib/gcc/arm-none-eabi/10.3.1/../../../../arm-none-eabi/lib/thumb/v7e-m+fp/hard/crt0.o
 .ARM.extab     0x0000000000000000        0x0 /opt/homebrew/Cellar/arm-none-eabi-gcc/10.3-2021.07/gcc/bin/../lib/gcc/arm-none-eabi/10.3.1/../../../../arm-none-eabi/lib/thumb/v7e-m+fp/hard/crt0.o
 .ARM.exidx     0x0000000000000000       0x10 /opt/homebrew/Cellar/arm-none-eabi-gcc/10.3-2021.07/gcc/bin/../lib/gcc/arm-none-eabi/10.3.1/../../../../arm-none-eabi/lib/thumb/v7e-m+fp/hard/crt0.o
 .ARM.attributes
                0x0000000000000000       0x1c /opt/homebrew/Cellar/arm-none-eabi-gcc/10.3-2021.07/gcc/bin/../lib/gcc/arm-none-eabi/10.3.1/../../../../arm-none-eabi/lib/thumb/v7e-m+fp/hard/crt0.o
 .text          0x0000000000000000        0x0 build/main.o
 .data          0x0000000000000000        0x0 build/main.o
 .bss           0x0000000000000000        0x0 build/main.o
 .text          0x0000000000000000        0x0 build/gpio.o
 .data          0x0000000000000000        0x0 build/gpio.o
 .bss           0x0000000000000000        0x0 build/gpio.o
 .text          0x0000000000000000        0x0 build/freertos.o
 .data          0x0000000000000000        0x0 build/freertos.o
 .bss           0x0000000000000000        0x0 build/freertos.o
 .text          0x0000000000000000        0x0 build/can.o
 .data          0x0000000000000000        0x0 build/can.o
 .bss           0x0000000000000000        0x0 build/can.o
 .text.HAL_CAN_MspDeInit
                0x0000000000000000       0x2c build/can.o
[...]
Memory Configuration

Name             Origin             Length             Attributes
RAM              0x0000000020000000 0x0000000000003000 xrw
CCMRAM           0x0000000010000000 0x0000000000001000 xrw
FLASH            0x0000000008000000 0x0000000000010000 xr
*default*        0x0000000000000000 0xffffffffffffffff

Linker script and memory map

LOAD /opt/homebrew/Cellar/arm-none-eabi-gcc/10.3-2021.07/gcc/bin/../lib/gcc/arm-none-eabi/10.3.1/thumb/v7e-m+fp/hard/crti.o
LOAD /opt/homebrew/Cellar/arm-none-eabi-gcc/10.3-2021.07/gcc/bin/../lib/gcc/arm-none-eabi/10.3.1/thumb/v7e-m+fp/hard/crtbegin.o
LOAD /opt/homebrew/Cellar/arm-none-eabi-gcc/10.3-2021.07/gcc/bin/../lib/gcc/arm-none-eabi/10.3.1/../../../../arm-none-eabi/lib/thumb/v7e-m+fp/hard/crt0.o
LOAD build/main.o
LOAD build/gpio.o
LOAD build/freertos.o
LOAD build/can.o
LOAD build/stm32f3xx_it.o
LOAD build/stm32f3xx_hal_msp.o
LOAD build/stm32f3xx_hal_can.o
LOAD build/stm32f3xx_hal.o
LOAD build/stm32f3xx_hal_rcc.o
LOAD build/stm32f3xx_hal_rcc_ex.o
LOAD build/stm32f3xx_hal_gpio.o
LOAD build/stm32f3xx_hal_dma.o
LOAD build/stm32f3xx_hal_cortex.o
LOAD build/stm32f3xx_hal_pwr.o
LOAD build/stm32f3xx_hal_pwr_ex.o
LOAD build/stm32f3xx_hal_flash.o
LOAD build/stm32f3xx_hal_flash_ex.o
LOAD build/stm32f3xx_hal_i2c.o
LOAD build/stm32f3xx_hal_i2c_ex.o
LOAD build/stm32f3xx_hal_exti.o
LOAD build/stm32f3xx_hal_tim.o
LOAD build/stm32f3xx_hal_tim_ex.o
LOAD build/system_stm32f3xx.o
LOAD build/croutine.o
LOAD build/event_groups.o
LOAD build/list.o
LOAD build/queue.o
LOAD build/stream_buffer.o
LOAD build/tasks.o
LOAD build/timers.o
LOAD build/cmsis_os2.o
LOAD build/heap_4.o
LOAD build/port.o
LOAD build/startup_stm32f303x8.o
LOAD /opt/homebrew/Cellar/arm-none-eabi-gcc/10.3-2021.07/gcc/bin/../lib/gcc/arm-none-eabi/10.3.1/../../../../arm-none-eabi/lib/thumb/v7e-m+fp/hard/libc_nano.a
LOAD /opt/homebrew/Cellar/arm-none-eabi-gcc/10.3-2021.07/gcc/bin/../lib/gcc/arm-none-eabi/10.3.1/../../../../arm-none-eabi/lib/thumb/v7e-m+fp/hard/libm.a
LOAD /opt/homebrew/Cellar/arm-none-eabi-gcc/10.3-2021.07/gcc/bin/../lib/gcc/arm-none-eabi/10.3.1/../../../../arm-none-eabi/lib/thumb/v7e-m+fp/hard/libnosys.a
START GROUP
LOAD /opt/homebrew/Cellar/arm-none-eabi-gcc/10.3-2021.07/gcc/bin/../lib/gcc/arm-none-eabi/10.3.1/thumb/v7e-m+fp/hard/libgcc.a
LOAD /opt/homebrew/Cellar/arm-none-eabi-gcc/10.3-2021.07/gcc/bin/../lib/gcc/arm-none-eabi/10.3.1/../../../../arm-none-eabi/lib/thumb/v7e-m+fp/hard/libc_nano.a
END GROUP
START GROUP
LOAD /opt/homebrew/Cellar/arm-none-eabi-gcc/10.3-2021.07/gcc/bin/../lib/gcc/arm-none-eabi/10.3.1/thumb/v7e-m+fp/hard/libgcc.a
LOAD /opt/homebrew/Cellar/arm-none-eabi-gcc/10.3-2021.07/gcc/bin/../lib/gcc/arm-none-eabi/10.3.1/../../../../arm-none-eabi/lib/thumb/v7e-m+fp/hard/libc_nano.a
END GROUP
LOAD /opt/homebrew/Cellar/arm-none-eabi-gcc/10.3-2021.07/gcc/bin/../lib/gcc/arm-none-eabi/10.3.1/thumb/v7e-m+fp/hard/crtend.o
LOAD /opt/homebrew/Cellar/arm-none-eabi-gcc/10.3-2021.07/gcc/bin/../lib/gcc/arm-none-eabi/10.3.1/thumb/v7e-m+fp/hard/crtn.o
                0x0000000020003000                _estack = (ORIGIN (RAM) + LENGTH (RAM))
                0x0000000000000200                _Min_Heap_Size = 0x200
                0x0000000000000400                _Min_Stack_Size = 0x400

.isr_vector     0x0000000008000000      0x188
                0x0000000008000000                . = ALIGN (0x4)
 *(.isr_vector)
 .isr_vector    0x0000000008000000      0x188 build/startup_stm32f303x8.o
                0x0000000008000000                g_pfnVectors
                0x0000000008000188                . = ALIGN (0x4)

.text           0x0000000008000190     0x2d2c
                0x0000000008000190                . = ALIGN (0x4)
 *(.text)
 .text          0x0000000008000190       0x40 /opt/homebrew/Cellar/arm-none-eabi-gcc/10.3-2021.07/gcc/bin/../lib/gcc/arm-none-eabi/10.3.1/thumb/v7e-m+fp/hard/crtbegin.o
 *(.text*)
 .text.Error_Handler
                0x00000000080001d0        0x4 build/main.o
                0x00000000080001d0                Error_Handler
 .text.SystemClock_Config
                0x00000000080001d4       0x62 build/main.o
                0x00000000080001d4                SystemClock_Config
 .text.main     0x0000000008000236       0x20 build/main.o
                0x0000000008000236                main
 *fill*         0x0000000008000256        0x2 
 .text.MX_GPIO_Init
                0x0000000008000258       0xa8 build/gpio.o
                0x0000000008000258                MX_GPIO_Init
 .text.StartDefaultTask
                0x0000000008000300       0x16 build/freertos.o
                0x0000000008000300                StartDefaultTask
 *fill*         0x0000000008000316        0x2 
 .text.MX_FREERTOS_Init
                0x0000000008000318       0x20 build/freertos.o
                0x0000000008000318                MX_FREERTOS_Init
 .text.MX_CAN_Init
                0x0000000008000338       0x3c build/can.o
                0x0000000008000338                MX_CAN_Init
 .text.HAL_CAN_MspInit
                0x0000000008000374       0x68 build/can.o
                0x0000000008000374                HAL_CAN_MspInit
 .text.NMI_Handler
                0x00000000080003dc        0x2 build/stm32f3xx_it.o
                0x00000000080003dc                NMI_Handler
 .text.HardFault_Handler
                0x00000000080003de        0x2 build/stm32f3xx_it.o
                0x00000000080003de                HardFault_Handler
 .text.MemManage_Handler
                0x00000000080003e0        0x2 build/stm32f3xx_it.o
                0x00000000080003e0                MemManage_Handler
 .text.BusFault_Handler
                0x00000000080003e2        0x2 build/stm32f3xx_it.o
                0x00000000080003e2                BusFault_Handler
 .text.UsageFault_Handler
                0x00000000080003e4        0x2 build/stm32f3xx_it.o
                0x00000000080003e4                UsageFault_Handler
 .text.DebugMon_Handler
                0x00000000080003e6        0x2 build/stm32f3xx_it.o
                0x00000000080003e6                DebugMon_Handler
 .text.SysTick_Handler
                0x00000000080003e8       0x16 build/stm32f3xx_it.o
                0x00000000080003e8                SysTick_Handler
 *fill*         0x00000000080003fe        0x2 
 .text.HAL_MspInit
                0x0000000008000400       0x40 build/stm32f3xx_hal_msp.o
                0x0000000008000400                HAL_MspInit
 .text.HAL_CAN_Init
                0x0000000008000440      0x14c build/stm32f3xx_hal_can.o
                0x0000000008000440                HAL_CAN_Init
 .text.HAL_InitTick
                0x000000000800058c       0x4c build/stm32f3xx_hal.o
                0x000000000800058c                HAL_InitTick
 .text.HAL_Init
                0x00000000080005d8       0x24 build/stm32f3xx_hal.o
                0x00000000080005d8                HAL_Init
 .text.HAL_IncTick
                0x00000000080005fc       0x18 build/stm32f3xx_hal.o
                0x00000000080005fc                HAL_IncTick
 .text.HAL_GetTick
                0x0000000008000614        0xc build/stm32f3xx_hal.o
                0x0000000008000614                HAL_GetTick
 .text.HAL_RCC_OscConfig
                0x0000000008000620      0x634 build/stm32f3xx_hal_rcc.o
                0x0000000008000620                HAL_RCC_OscConfig
 .text.HAL_RCC_GetSysClockFreq
                0x0000000008000c54       0x70 build/stm32f3xx_hal_rcc.o
                0x0000000008000c54                HAL_RCC_GetSysClockFreq
 .text.HAL_RCC_ClockConfig
                0x0000000008000cc4      0x1a8 build/stm32f3xx_hal_rcc.o
                0x0000000008000cc4                HAL_RCC_ClockConfig
 .text.HAL_GPIO_Init
                0x0000000008000e6c      0x1bc build/stm32f3xx_hal_gpio.o
                0x0000000008000e6c                HAL_GPIO_Init
 .text.HAL_GPIO_WritePin
                0x0000000008001028        0xa build/stm32f3xx_hal_gpio.o
                0x0000000008001028                HAL_GPIO_WritePin
 .text.HAL_GPIO_TogglePin
                0x0000000008001032       0x12 build/stm32f3xx_hal_gpio.o
                0x0000000008001032                HAL_GPIO_TogglePin
 .text.HAL_NVIC_SetPriorityGrouping
                0x0000000008001044       0x24 build/stm32f3xx_hal_cortex.o
                0x0000000008001044                HAL_NVIC_SetPriorityGrouping
 .text.HAL_NVIC_SetPriority
                0x0000000008001068       0x70 build/stm32f3xx_hal_cortex.o
                0x0000000008001068                HAL_NVIC_SetPriority
 .text.HAL_SYSTICK_Config
                0x00000000080010d8       0x28 build/stm32f3xx_hal_cortex.o
                0x00000000080010d8                HAL_SYSTICK_Config
 .text.SystemInit
                0x0000000008001100       0x14 build/system_stm32f3xx.o
                0x0000000008001100                SystemInit
 .text.vListInitialise
                0x0000000008001114       0x16 build/list.o
                0x0000000008001114                vListInitialise
 .text.vListInitialiseItem
                0x000000000800112a        0x6 build/list.o
                0x000000000800112a                vListInitialiseItem
 .text.vListInsertEnd
                0x0000000008001130       0x16 build/list.o
                0x0000000008001130                vListInsertEnd
 .text.vListInsert
                0x0000000008001146       0x32 build/list.o
                0x0000000008001146                vListInsert
 .text.uxListRemove
                0x0000000008001178       0x26 build/list.o
                0x0000000008001178                uxListRemove
 .text.prvIsQueueFull
                0x000000000800119e       0x1e build/queue.o
 .text.prvIsQueueEmpty
                0x00000000080011bc       0x1a build/queue.o
 .text.prvCopyDataToQueue
                0x00000000080011d6       0x76 build/queue.o
 .text.prvCopyDataFromQueue
                0x000000000800124c       0x24 build/queue.o
 .text.prvUnlockQueue
                0x0000000008001270       0x6e build/queue.o
 .text.xQueueGenericReset
                0x00000000080012de       0x84 build/queue.o
                0x00000000080012de                xQueueGenericReset
 .text.prvInitialiseNewQueue
                0x0000000008001362       0x22 build/queue.o
 .text.xQueueGenericCreateStatic
                0x0000000008001384       0x92 build/queue.o
                0x0000000008001384                xQueueGenericCreateStatic
 .text.xQueueGenericSend
                0x0000000008001416      0x188 build/queue.o
                0x0000000008001416                xQueueGenericSend
 .text.xQueueGenericSendFromISR
                0x000000000800159e       0xcc build/queue.o
                0x000000000800159e                xQueueGenericSendFromISR
 .text.xQueueReceive
                0x000000000800166a      0x15e build/queue.o
                0x000000000800166a                xQueueReceive
 .text.vQueueAddToRegistry
                0x00000000080017c8       0x28 build/queue.o
                0x00000000080017c8                vQueueAddToRegistry
 .text.vQueueWaitForMessageRestricted
                0x00000000080017f0       0x52 build/queue.o
                0x00000000080017f0                vQueueWaitForMessageRestricted
 *fill*         0x0000000008001842        0x2 
 .text.prvResetNextTaskUnblockTime
                0x0000000008001844       0x2c build/tasks.o
 .text.prvInitialiseNewTask
                0x0000000008001870       0x9c build/tasks.o
 .text.prvInitialiseTaskLists
                0x000000000800190c       0x68 build/tasks.o
 .text.prvAddNewTaskToReadyList
                0x0000000008001974       0xac build/tasks.o
 .text.prvDeleteTCB
                0x0000000008001a20       0x38 build/tasks.o
 .text.prvCheckTasksWaitingTermination
                0x0000000008001a58       0x4c build/tasks.o
 .text.prvIdleTask
                0x0000000008001aa4       0x28 build/tasks.o
 .text.prvAddCurrentTaskToDelayedList
                0x0000000008001acc       0x7c build/tasks.o
 .text.xTaskCreateStatic
                0x0000000008001b48       0x74 build/tasks.o
                0x0000000008001b48                xTaskCreateStatic
 .text.xTaskCreate
                0x0000000008001bbc       0x68 build/tasks.o
                0x0000000008001bbc                xTaskCreate
 .text.vTaskStartScheduler
                0x0000000008001c24       0x9c build/tasks.o
                0x0000000008001c24                vTaskStartScheduler
 .text.vTaskSuspendAll
                0x0000000008001cc0       0x10 build/tasks.o
                0x0000000008001cc0                vTaskSuspendAll
 .text.xTaskGetTickCount
                0x0000000008001cd0        0xc build/tasks.o
                0x0000000008001cd0                xTaskGetTickCount
 .text.xTaskIncrementTick
                0x0000000008001cdc      0x118 build/tasks.o
                0x0000000008001cdc                xTaskIncrementTick
 .text.xTaskResumeAll
                0x0000000008001df4       0xf8 build/tasks.o
                0x0000000008001df4                xTaskResumeAll
 .text.vTaskDelay
                0x0000000008001eec       0x4c build/tasks.o
                0x0000000008001eec                vTaskDelay
 .text.vTaskSwitchContext
                0x0000000008001f38       0x94 build/tasks.o
                0x0000000008001f38                vTaskSwitchContext
 .text.vTaskPlaceOnEventList
                0x0000000008001fcc       0x30 build/tasks.o
                0x0000000008001fcc                vTaskPlaceOnEventList
 .text.vTaskPlaceOnEventListRestricted
                0x0000000008001ffc       0x38 build/tasks.o
                0x0000000008001ffc                vTaskPlaceOnEventListRestricted
 .text.xTaskRemoveFromEventList
                0x0000000008002034       0x8c build/tasks.o
                0x0000000008002034                xTaskRemoveFromEventList
 .text.vTaskInternalSetTimeOutState
                0x00000000080020c0       0x18 build/tasks.o
                0x00000000080020c0                vTaskInternalSetTimeOutState
 .text.xTaskCheckForTimeOut
                0x00000000080020d8       0x84 build/tasks.o
                0x00000000080020d8                xTaskCheckForTimeOut
 .text.vTaskMissedYield
                0x000000000800215c        0xc build/tasks.o
                0x000000000800215c                vTaskMissedYield
 .text.xTaskGetSchedulerState
                0x0000000008002168       0x20 build/tasks.o
                0x0000000008002168                xTaskGetSchedulerState
 .text.xTaskPriorityDisinherit
                0x0000000008002188       0x90 build/tasks.o
                0x0000000008002188                xTaskPriorityDisinherit
 .text.prvGetNextExpireTime
                0x0000000008002218       0x20 build/timers.o
 .text.prvInsertTimerInActiveList
                0x0000000008002238       0x48 build/timers.o
 .text.prvCheckForValidListAndQueue
                0x0000000008002280       0x70 build/timers.o
 .text.xTimerCreateTimerTask
                0x00000000080022f0       0x64 build/timers.o
                0x00000000080022f0                xTimerCreateTimerTask
 .text.xTimerGenericCommand
                0x0000000008002354       0x6c build/timers.o
                0x0000000008002354                xTimerGenericCommand
 .text.prvSwitchTimerLists
                0x00000000080023c0       0x78 build/timers.o
 .text.prvSampleTimeNow
                0x0000000008002438       0x2c build/timers.o
 .text.prvProcessExpiredTimer
                0x0000000008002464       0x60 build/timers.o
 .text.prvProcessTimerOrBlockTask
                0x00000000080024c4       0x74 build/timers.o
 .text.prvProcessReceivedCommands
                0x0000000008002538       0xf8 build/timers.o
 .text.prvTimerTask
                0x0000000008002630       0x16 build/timers.o
 *fill*         0x0000000008002646        0x2 
 .text.osKernelInitialize
                0x0000000008002648       0x44 build/cmsis_os2.o
                0x0000000008002648                osKernelInitialize
 .text.osKernelStart
                0x000000000800268c       0x4c build/cmsis_os2.o
                0x000000000800268c                osKernelStart
 .text.osThreadNew
                0x00000000080026d8       0xec build/cmsis_os2.o
                0x00000000080026d8                osThreadNew
 .text.osDelay  0x00000000080027c4       0x44 build/cmsis_os2.o
                0x00000000080027c4                osDelay
 .text.vApplicationGetIdleTaskMemory
                0x0000000008002808       0x18 build/cmsis_os2.o
                0x0000000008002808                vApplicationGetIdleTaskMemory
 .text.vApplicationGetTimerTaskMemory
                0x0000000008002820       0x18 build/cmsis_os2.o
                0x0000000008002820                vApplicationGetTimerTaskMemory
 .text.prvHeapInit
                0x0000000008002838       0x64 build/heap_4.o
 .text.prvInsertBlockIntoFreeList
                0x000000000800289c       0x64 build/heap_4.o
 .text.pvPortMalloc
                0x0000000008002900       0xf0 build/heap_4.o
                0x0000000008002900                pvPortMalloc
 .text.vPortFree
                0x00000000080029f0       0x70 build/heap_4.o
                0x00000000080029f0                vPortFree
 .text.prvTaskExitError
                0x0000000008002a60       0x40 build/port.o
 .text.prvPortStartFirstTask
                0x0000000008002aa0       0x28 build/port.o
 .text.vPortEnableVFP
                0x0000000008002ac8       0x14 build/port.o
 .text.pxPortInitialiseStack
                0x0000000008002adc       0x2c build/port.o
                0x0000000008002adc                pxPortInitialiseStack
 *fill*         0x0000000008002b08        0x8 
 .text.SVC_Handler
                0x0000000008002b10       0x24 build/port.o
                0x0000000008002b10                SVC_Handler
 .text.vPortEnterCritical
                0x0000000008002b34       0x44 build/port.o
                0x0000000008002b34                vPortEnterCritical
 .text.vPortExitCritical
                0x0000000008002b78       0x2c build/port.o
                0x0000000008002b78                vPortExitCritical
 *fill*         0x0000000008002ba4        0xc 
 .text.PendSV_Handler
                0x0000000008002bb0       0x64 build/port.o
                0x0000000008002bb0                PendSV_Handler
 .text.xPortSysTickHandler
                0x0000000008002c14       0x2c build/port.o
                0x0000000008002c14                xPortSysTickHandler
 .text.vPortSetupTimerInterrupt
                0x0000000008002c40       0x28 build/port.o
                0x0000000008002c40                vPortSetupTimerInterrupt
 .text.xPortStartScheduler
                0x0000000008002c68      0x118 build/port.o
                0x0000000008002c68                xPortStartScheduler
 .text.vPortValidateInterruptPriority
                0x0000000008002d80       0x5c build/port.o
                0x0000000008002d80                vPortValidateInterruptPriority
 .text.Reset_Handler
                0x0000000008002ddc       0x50 build/startup_stm32f303x8.o
                0x0000000008002ddc                Reset_Handler
 .text.Default_Handler
                0x0000000008002e2c        0x2 build/startup_stm32f303x8.o
                0x0000000008002e2c                TIM1_BRK_TIM15_IRQHandler
                0x0000000008002e2c                TIM1_CC_IRQHandler
                0x0000000008002e2c                PVD_IRQHandler
                0x0000000008002e2c                TAMP_STAMP_IRQHandler
                0x0000000008002e2c                EXTI3_IRQHandler
                0x0000000008002e2c                EXTI0_IRQHandler
                0x0000000008002e2c                FPU_IRQHandler
                0x0000000008002e2c                CAN_TX_IRQHandler
                0x0000000008002e2c                TIM1_UP_TIM16_IRQHandler
                0x0000000008002e2c                ADC1_2_IRQHandler
                0x0000000008002e2c                SPI1_IRQHandler
                0x0000000008002e2c                CAN_SCE_IRQHandler
                0x0000000008002e2c                DMA1_Channel4_IRQHandler
                0x0000000008002e2c                USART3_IRQHandler
                0x0000000008002e2c                DMA1_Channel7_IRQHandler
                0x0000000008002e2c                TIM7_DAC2_IRQHandler
                0x0000000008002e2c                CAN_RX1_IRQHandler
                0x0000000008002e2c                I2C1_EV_IRQHandler
                0x0000000008002e2c                DMA1_Channel6_IRQHandler
                0x0000000008002e2c                TIM3_IRQHandler
                0x0000000008002e2c                RCC_IRQHandler
                0x0000000008002e2c                DMA1_Channel1_IRQHandler
                0x0000000008002e2c                Default_Handler
                0x0000000008002e2c                EXTI15_10_IRQHandler
                0x0000000008002e2c                COMP2_IRQHandler
                0x0000000008002e2c                TIM6_DAC1_IRQHandler
                0x0000000008002e2c                EXTI9_5_IRQHandler
                0x0000000008002e2c                RTC_WKUP_IRQHandler
                0x0000000008002e2c                DMA1_Channel5_IRQHandler
                0x0000000008002e2c                EXTI4_IRQHandler
                0x0000000008002e2c                TIM1_TRG_COM_TIM17_IRQHandler
                0x0000000008002e2c                DMA1_Channel3_IRQHandler
                0x0000000008002e2c                WWDG_IRQHandler
                0x0000000008002e2c                TIM2_IRQHandler
                0x0000000008002e2c                EXTI1_IRQHandler
                0x0000000008002e2c                COMP4_6_IRQHandler
                0x0000000008002e2c                USART2_IRQHandler
                0x0000000008002e2c                DMA1_Channel2_IRQHandler
                0x0000000008002e2c                FLASH_IRQHandler
                0x0000000008002e2c                USART1_IRQHandler
                0x0000000008002e2c                CAN_RX0_IRQHandler
                0x0000000008002e2c                I2C1_ER_IRQHandler
                0x0000000008002e2c                EXTI2_TSC_IRQHandler
                0x0000000008002e2c                RTC_Alarm_IRQHandler
 *fill*         0x0000000008002e2e        0x2 
 .text.__libc_init_array
                0x0000000008002e30       0x48 /opt/homebrew/Cellar/arm-none-eabi-gcc/10.3-2021.07/gcc/bin/../lib/gcc/arm-none-eabi/10.3.1/../../../../arm-none-eabi/lib/thumb/v7e-m+fp/hard/libc_nano.a(lib_a-init.o)
                0x0000000008002e30                __libc_init_array
 .text.memcpy   0x0000000008002e78       0x1c /opt/homebrew/Cellar/arm-none-eabi-gcc/10.3-2021.07/gcc/bin/../lib/gcc/arm-none-eabi/10.3.1/../../../../arm-none-eabi/lib/thumb/v7e-m+fp/hard/libc_nano.a(lib_a-memcpy-stub.o)
                0x0000000008002e78                memcpy
 .text.memset   0x0000000008002e94       0x10 /opt/homebrew/Cellar/arm-none-eabi-gcc/10.3-2021.07/gcc/bin/../lib/gcc/arm-none-eabi/10.3.1/../../../../arm-none-eabi/lib/thumb/v7e-m+fp/hard/libc_nano.a(lib_a-memset.o)
                0x0000000008002e94                memset
 *(.glue_7)
 .glue_7        0x0000000008002ea4        0x0 linker stubs
 *(.glue_7t)
 .glue_7t       0x0000000008002ea4        0x0 linker stubs
 *(.eh_frame)
 .eh_frame      0x0000000008002ea4        0x0 /opt/homebrew/Cellar/arm-none-eabi-gcc/10.3-2021.07/gcc/bin/../lib/gcc/arm-none-eabi/10.3.1/thumb/v7e-m+fp/hard/crtbegin.o
 *(.init)
 .init          0x0000000008002ea4        0x4 /opt/homebrew/Cellar/arm-none-eabi-gcc/10.3-2021.07/gcc/bin/../lib/gcc/arm-none-eabi/10.3.1/thumb/v7e-m+fp/hard/crti.o
                0x0000000008002ea4                _init
 .init          0x0000000008002ea8        0x8 /opt/homebrew/Cellar/arm-none-eabi-gcc/10.3-2021.07/gcc/bin/../lib/gcc/arm-none-eabi/10.3.1/thumb/v7e-m+fp/hard/crtn.o
 *(.fini)
 .fini          0x0000000008002eb0        0x4 /opt/homebrew/Cellar/arm-none-eabi-gcc/10.3-2021.07/gcc/bin/../lib/gcc/arm-none-eabi/10.3.1/thumb/v7e-m+fp/hard/crti.o
                0x0000000008002eb0                _fini
 .fini          0x0000000008002eb4        0x8 /opt/homebrew/Cellar/arm-none-eabi-gcc/10.3-2021.07/gcc/bin/../lib/gcc/arm-none-eabi/10.3.1/thumb/v7e-m+fp/hard/crtn.o
                0x0000000008002ebc                . = ALIGN (0x4)
                0x0000000008002ebc                _etext = .

.vfp11_veneer   0x0000000008002ebc        0x0
 .vfp11_veneer  0x0000000008002ebc        0x0 linker stubs

.v4_bx          0x0000000008002ebc        0x0
 .v4_bx         0x0000000008002ebc        0x0 linker stubs

.iplt           0x0000000008002ebc        0x0
 .iplt          0x0000000008002ebc        0x0 /opt/homebrew/Cellar/arm-none-eabi-gcc/10.3-2021.07/gcc/bin/../lib/gcc/arm-none-eabi/10.3.1/thumb/v7e-m+fp/hard/crtbegin.o

.rodata         0x0000000008002ebc       0x78
                0x0000000008002ebc                . = ALIGN (0x4)
 *(.rodata)
 *(.rodata*)
 .rodata.str1.4
                0x0000000008002ebc        0xc build/freertos.o
 .rodata.defaultTask_attributes
                0x0000000008002ec8       0x24 build/freertos.o
                0x0000000008002ec8                defaultTask_attributes
 .rodata.aPLLMULFactorTable
                0x0000000008002eec       0x10 build/stm32f3xx_hal_rcc.o
                0x0000000008002eec                aPLLMULFactorTable
 .rodata.aPredivFactorTable
                0x0000000008002efc       0x10 build/stm32f3xx_hal_rcc.o
                0x0000000008002efc                aPredivFactorTable
 .rodata.AHBPrescTable
                0x0000000008002f0c       0x10 build/system_stm32f3xx.o
                0x0000000008002f0c                AHBPrescTable
 .rodata.vTaskStartScheduler.str1.4
                0x0000000008002f1c        0x5 build/tasks.o
 *fill*         0x0000000008002f21        0x3 
 .rodata.prvCheckForValidListAndQueue.str1.4
                0x0000000008002f24        0x5 build/timers.o
 *fill*         0x0000000008002f29        0x3 
 .rodata.xTimerCreateTimerTask.str1.4
                0x0000000008002f2c        0x8 build/timers.o
                0x0000000008002f34                . = ALIGN (0x4)

.rel.dyn        0x0000000008002f34        0x0
 .rel.iplt      0x0000000008002f34        0x0 /opt/homebrew/Cellar/arm-none-eabi-gcc/10.3-2021.07/gcc/bin/../lib/gcc/arm-none-eabi/10.3.1/thumb/v7e-m+fp/hard/crtbegin.o

.ARM.extab
 *(.ARM.extab* .gnu.linkonce.armextab.*)

.ARM            0x0000000008002f34        0x0
                0x0000000008002f34                __exidx_start = .
 *(.ARM.exidx*)
                0x0000000008002f34                __exidx_end = .

.preinit_array  0x0000000008002f34        0x0
                0x0000000008002f34                PROVIDE (__preinit_array_start = .)
 *(.preinit_array*)
                0x0000000008002f34                PROVIDE (__preinit_array_end = .)

.init_array     0x0000000008002f34        0x4
                0x0000000008002f34                PROVIDE (__init_array_start = .)
 *(SORT_BY_NAME(.init_array.*))
 *(.init_array*)
 .init_array    0x0000000008002f34        0x4 /opt/homebrew/Cellar/arm-none-eabi-gcc/10.3-2021.07/gcc/bin/../lib/gcc/arm-none-eabi/10.3.1/thumb/v7e-m+fp/hard/crtbegin.o
                0x0000000008002f38                PROVIDE (__init_array_end = .)

.fini_array     0x0000000008002f38        0x4
                [!provide]                        PROVIDE (__fini_array_start = .)
 *(SORT_BY_NAME(.fini_array.*))
 *(.fini_array*)
 .fini_array    0x0000000008002f38        0x4 /opt/homebrew/Cellar/arm-none-eabi-gcc/10.3-2021.07/gcc/bin/../lib/gcc/arm-none-eabi/10.3.1/thumb/v7e-m+fp/hard/crtbegin.o
                [!provide]                        PROVIDE (__fini_array_end = .)
                0x0000000008002f3c                _sidata = LOADADDR (.data)

.data           0x0000000020000000       0x10 load address 0x0000000008002f3c
                0x0000000020000000                . = ALIGN (0x4)
                0x0000000020000000                _sdata = .
 *(.data)
 *(.data*)
 .data.uwTickFreq
                0x0000000020000000        0x1 build/stm32f3xx_hal.o
                0x0000000020000000                uwTickFreq
 *fill*         0x0000000020000001        0x3 
 .data.uwTickPrio
                0x0000000020000004        0x4 build/stm32f3xx_hal.o
                0x0000000020000004                uwTickPrio
 .data.SystemCoreClock
                0x0000000020000008        0x4 build/system_stm32f3xx.o
                0x0000000020000008                SystemCoreClock
 .data.uxCriticalNesting
                0x000000002000000c        0x4 build/port.o
                0x0000000020000010                . = ALIGN (0x4)
                0x0000000020000010                _edata = .
                0x0000000008002f4c                _siccmram = LOADADDR (.ccmram)

.igot.plt       0x0000000020000010        0x0 load address 0x0000000008002f4c
 .igot.plt      0x0000000020000010        0x0 /opt/homebrew/Cellar/arm-none-eabi-gcc/10.3-2021.07/gcc/bin/../lib/gcc/arm-none-eabi/10.3.1/thumb/v7e-m+fp/hard/crtbegin.o

.ccmram         0x0000000010000000        0x0 load address 0x0000000008002f4c
                0x0000000010000000                . = ALIGN (0x4)
                0x0000000010000000                _sccmram = .
 *(.ccmram)
 *(.ccmram*)
                0x0000000010000000                . = ALIGN (0x4)
                0x0000000010000000                _eccmram = .
                0x0000000010000000                . = ALIGN (0x4)

.bss            0x0000000020000010     0x1994
                0x0000000020000010                _sbss = .
                0x0000000020000010                __bss_start__ = _sbss
 *(.bss)
 .bss           0x0000000020000010       0x1c /opt/homebrew/Cellar/arm-none-eabi-gcc/10.3-2021.07/gcc/bin/../lib/gcc/arm-none-eabi/10.3.1/thumb/v7e-m+fp/hard/crtbegin.o
 *(.bss*)
 .bss.defaultTaskHandle
                0x000000002000002c        0x4 build/freertos.o
                0x000000002000002c                defaultTaskHandle
 .bss.hcan      0x0000000020000030       0x28 build/can.o
                0x0000000020000030                hcan
 .bss.uwTick    0x0000000020000058        0x4 build/stm32f3xx_hal.o
                0x0000000020000058                uwTick
 .bss.xQueueRegistry
                0x000000002000005c       0x40 build/queue.o
                0x000000002000005c                xQueueRegistry
 .bss.pxCurrentTCB
                0x000000002000009c        0x4 build/tasks.o
                0x000000002000009c                pxCurrentTCB
 .bss.pxDelayedTaskList
                0x00000000200000a0        0x4 build/tasks.o
 .bss.pxOverflowDelayedTaskList
                0x00000000200000a4        0x4 build/tasks.o
 .bss.pxReadyTasksLists
                0x00000000200000a8      0x460 build/tasks.o
 .bss.uxCurrentNumberOfTasks
                0x0000000020000508        0x4 build/tasks.o
 .bss.uxDeletedTasksWaitingCleanUp
                0x000000002000050c        0x4 build/tasks.o
 .bss.uxPendedTicks
                0x0000000020000510        0x4 build/tasks.o
 .bss.uxSchedulerSuspended
                0x0000000020000514        0x4 build/tasks.o
 .bss.uxTaskNumber
                0x0000000020000518        0x4 build/tasks.o
 .bss.uxTopReadyPriority
                0x000000002000051c        0x4 build/tasks.o
 .bss.xDelayedTaskList1
                0x0000000020000520       0x14 build/tasks.o
 .bss.xDelayedTaskList2
                0x0000000020000534       0x14 build/tasks.o
 .bss.xIdleTaskHandle
                0x0000000020000548        0x4 build/tasks.o
 .bss.xNextTaskUnblockTime
                0x000000002000054c        0x4 build/tasks.o
 .bss.xNumOfOverflows
                0x0000000020000550        0x4 build/tasks.o
 .bss.xPendingReadyList
                0x0000000020000554       0x14 build/tasks.o
 .bss.xSchedulerRunning
                0x0000000020000568        0x4 build/tasks.o
 .bss.xSuspendedTaskList
                0x000000002000056c       0x14 build/tasks.o
 .bss.xTasksWaitingTermination
                0x0000000020000580       0x14 build/tasks.o
 .bss.xTickCount
                0x0000000020000594        0x4 build/tasks.o
 .bss.xYieldPending
                0x0000000020000598        0x4 build/tasks.o
 .bss.pxCurrentTimerList
                0x000000002000059c        0x4 build/timers.o
 .bss.pxOverflowTimerList
                0x00000000200005a0        0x4 build/timers.o
 .bss.ucStaticTimerQueueStorage.1
                0x00000000200005a4       0xa0 build/timers.o
 .bss.xActiveTimerList1
                0x0000000020000644       0x14 build/timers.o
 .bss.xActiveTimerList2
                0x0000000020000658       0x14 build/timers.o
 .bss.xLastTime.2
                0x000000002000066c        0x4 build/timers.o
 .bss.xStaticTimerQueue.0
                0x0000000020000670       0x50 build/timers.o
 .bss.xTimerQueue
                0x00000000200006c0        0x4 build/timers.o
 .bss.xTimerTaskHandle
                0x00000000200006c4        0x4 build/timers.o
 .bss.Idle_Stack
                0x00000000200006c8      0x200 build/cmsis_os2.o
 .bss.Idle_TCB  0x00000000200008c8       0x5c build/cmsis_os2.o
 .bss.KernelState
                0x0000000020000924        0x4 build/cmsis_os2.o
 .bss.Timer_Stack
                0x0000000020000928      0x400 build/cmsis_os2.o
 .bss.Timer_TCB
                0x0000000020000d28       0x5c build/cmsis_os2.o
 .bss.pxEnd     0x0000000020000d84        0x4 build/heap_4.o
 .bss.ucHeap    0x0000000020000d88      0xc00 build/heap_4.o
 .bss.xBlockAllocatedBit
                0x0000000020001988        0x4 build/heap_4.o
 .bss.xFreeBytesRemaining
                0x000000002000198c        0x4 build/heap_4.o
 .bss.xMinimumEverFreeBytesRemaining
                0x0000000020001990        0x4 build/heap_4.o
 .bss.xStart    0x0000000020001994        0x8 build/heap_4.o
 .bss.ucMaxSysCallPriority
                0x000000002000199c        0x1 build/port.o
 *fill*         0x000000002000199d        0x3 
 .bss.ulMaxPRIGROUPValue
                0x00000000200019a0        0x4 build/port.o
 *(COMMON)
                0x00000000200019a4                . = ALIGN (0x4)
                0x00000000200019a4                _ebss = .
                0x00000000200019a4                __bss_end__ = _ebss

._user_heap_stack
                0x00000000200019a4      0x604
                0x00000000200019a8                . = ALIGN (0x8)
 *fill*         0x00000000200019a4        0x4 
                [!provide]                        PROVIDE (end = .)
                [!provide]                        PROVIDE (_end = .)
                0x0000000020001ba8                . = (. + _Min_Heap_Size)
 *fill*         0x00000000200019a8      0x200 
                0x0000000020001fa8                . = (. + _Min_Stack_Size)
 *fill*         0x0000000020001ba8      0x400 
                0x0000000020001fa8                . = ALIGN (0x8)

/DISCARD/
 libc.a(*)
 libm.a(*)
 libgcc.a(*)

.ARM.attributes
                0x0000000000000000       0x30
 *(.ARM.attributes)
 .ARM.attributes
                0x0000000000000000       0x1e /opt/homebrew/Cellar/arm-none-eabi-gcc/10.3-2021.07/gcc/bin/../lib/gcc/arm-none-eabi/10.3.1/thumb/v7e-m+fp/hard/crti.o
 .ARM.attributes
                0x000000000000001e       0x34 /opt/homebrew/Cellar/arm-none-eabi-gcc/10.3-2021.07/gcc/bin/../lib/gcc/arm-none-eabi/10.3.1/thumb/v7e-m+fp/hard/crtbegin.o
 .ARM.attributes
                0x0000000000000052       0x34 build/main.o
 .ARM.attributes
                0x0000000000000086       0x34 build/gpio.o
 .ARM.attributes
                0x00000000000000ba       0x34 build/freertos.o
 .ARM.attributes
                0x00000000000000ee       0x34 build/can.o
 .ARM.attributes
                0x0000000000000122       0x34 build/stm32f3xx_it.o
 .ARM.attributes
                0x0000000000000156       0x34 build/stm32f3xx_hal_msp.o
 .ARM.attributes
                0x000000000000018a       0x34 build/stm32f3xx_hal_can.o
 .ARM.attributes
                0x00000000000001be       0x34 build/stm32f3xx_hal.o
 .ARM.attributes
                0x00000000000001f2       0x34 build/stm32f3xx_hal_rcc.o
 .ARM.attributes
                0x0000000000000226       0x34 build/stm32f3xx_hal_gpio.o
 .ARM.attributes
                0x000000000000025a       0x34 build/stm32f3xx_hal_cortex.o
 .ARM.attributes
                0x000000000000028e       0x34 build/system_stm32f3xx.o
 .ARM.attributes
                0x00000000000002c2       0x34 build/list.o
 .ARM.attributes
                0x00000000000002f6       0x34 build/queue.o
 .ARM.attributes
                0x000000000000032a       0x34 build/tasks.o
 .ARM.attributes
                0x000000000000035e       0x34 build/timers.o
 .ARM.attributes
                0x0000000000000392       0x34 build/cmsis_os2.o
 .ARM.attributes
                0x00000000000003c6       0x34 build/heap_4.o
 .ARM.attributes
                0x00000000000003fa       0x34 build/port.o
 .ARM.attributes
                0x000000000000042e       0x21 build/startup_stm32f303x8.o
 .ARM.attributes
                0x000000000000044f       0x34 /opt/homebrew/Cellar/arm-none-eabi-gcc/10.3-2021.07/gcc/bin/../lib/gcc/arm-none-eabi/10.3.1/../../../../arm-none-eabi/lib/thumb/v7e-m+fp/hard/libc_nano.a(lib_a-init.o)
 .ARM.attributes
                0x0000000000000483       0x34 /opt/homebrew/Cellar/arm-none-eabi-gcc/10.3-2021.07/gcc/bin/../lib/gcc/arm-none-eabi/10.3.1/../../../../arm-none-eabi/lib/thumb/v7e-m+fp/hard/libc_nano.a(lib_a-memcpy-stub.o)
 .ARM.attributes
                0x00000000000004b7       0x34 /opt/homebrew/Cellar/arm-none-eabi-gcc/10.3-2021.07/gcc/bin/../lib/gcc/arm-none-eabi/10.3.1/../../../../arm-none-eabi/lib/thumb/v7e-m+fp/hard/libc_nano.a(lib_a-memset.o)
 .ARM.attributes
                0x00000000000004eb       0x1e /opt/homebrew/Cellar/arm-none-eabi-gcc/10.3-2021.07/gcc/bin/../lib/gcc/arm-none-eabi/10.3.1/thumb/v7e-m+fp/hard/crtn.o
OUTPUT(build/cityscope_can.elf elf32-littlearm)
LOAD linker stubs
LOAD /opt/homebrew/Cellar/arm-none-eabi-gcc/10.3-2021.07/gcc/bin/../lib/gcc/arm-none-eabi/10.3.1/../../../../arm-none-eabi/lib/thumb/v7e-m+fp/hard/libc.a
LOAD /opt/homebrew/Cellar/arm-none-eabi-gcc/10.3-2021.07/gcc/bin/../lib/gcc/arm-none-eabi/10.3.1/../../../../arm-none-eabi/lib/thumb/v7e-m+fp/hard/libm.a
LOAD /opt/homebrew/Cellar/arm-none-eabi-gcc/10.3-2021.07/gcc/bin/../lib/gcc/arm-none-eabi/10.3.1/thumb/v7e-m+fp/hard/libgcc.a

.debug_info     0x0000000000000000    0x13738
 .debug_info    0x0000000000000000      0x3b8 build/main.o
 .debug_info    0x00000000000003b8      0x41d build/gpio.o
 .debug_info    0x00000000000007d5      0x48e build/freertos.o
 .debug_info    0x0000000000000c63      0x899 build/can.o
 .debug_info    0x00000000000014fc      0x171 build/stm32f3xx_it.o
 .debug_info    0x000000000000166d      0x341 build/stm32f3xx_hal_msp.o
 .debug_info    0x00000000000019ae     0x1384 build/stm32f3xx_hal_can.o
 .debug_info    0x0000000000002d32      0x8a8 build/stm32f3xx_hal.o
 .debug_info    0x00000000000035da     0x16de build/stm32f3xx_hal_rcc.o
 .debug_info    0x0000000000004cb8      0x824 build/stm32f3xx_hal_gpio.o
 .debug_info    0x00000000000054dc      0xe2e build/stm32f3xx_hal_cortex.o
 .debug_info    0x000000000000630a      0x47d build/system_stm32f3xx.o
 .debug_info    0x0000000000006787      0x309 build/list.o
 .debug_info    0x0000000000006a90     0x286e build/queue.o
 .debug_info    0x00000000000092fe     0x31b8 build/tasks.o
 .debug_info    0x000000000000c4b6     0x1a78 build/timers.o
 .debug_info    0x000000000000df2e     0x4d85 build/cmsis_os2.o
 .debug_info    0x0000000000012cb3      0x49b build/heap_4.o
 .debug_info    0x000000000001314e      0x5c8 build/port.o
 .debug_info    0x0000000000013716       0x22 build/startup_stm32f303x8.o

.debug_abbrev   0x0000000000000000     0x2b32
 .debug_abbrev  0x0000000000000000      0x1a3 build/main.o
 .debug_abbrev  0x00000000000001a3      0x151 build/gpio.o
 .debug_abbrev  0x00000000000002f4      0x174 build/freertos.o
 .debug_abbrev  0x0000000000000468      0x1cf build/can.o
 .debug_abbrev  0x0000000000000637       0xa4 build/stm32f3xx_it.o
 .debug_abbrev  0x00000000000006db      0x10a build/stm32f3xx_hal_msp.o
 .debug_abbrev  0x00000000000007e5      0x251 build/stm32f3xx_hal_can.o
 .debug_abbrev  0x0000000000000a36      0x20a build/stm32f3xx_hal.o
 .debug_abbrev  0x0000000000000c40      0x323 build/stm32f3xx_hal_rcc.o
 .debug_abbrev  0x0000000000000f63      0x222 build/stm32f3xx_hal_gpio.o
 .debug_abbrev  0x0000000000001185      0x359 build/stm32f3xx_hal_cortex.o
 .debug_abbrev  0x00000000000014de      0x11b build/system_stm32f3xx.o
 .debug_abbrev  0x00000000000015f9      0x124 build/list.o
 .debug_abbrev  0x000000000000171d      0x3e7 build/queue.o
 .debug_abbrev  0x0000000000001b04      0x387 build/tasks.o
 .debug_abbrev  0x0000000000001e8b      0x35d build/timers.o
 .debug_abbrev  0x00000000000021e8      0x459 build/cmsis_os2.o
 .debug_abbrev  0x0000000000002641      0x255 build/heap_4.o
 .debug_abbrev  0x0000000000002896      0x28a build/port.o
 .debug_abbrev  0x0000000000002b20       0x12 build/startup_stm32f303x8.o

.debug_loc      0x0000000000000000     0xf695
 .debug_loc     0x0000000000000000       0x66 build/main.o
 .debug_loc     0x0000000000000066       0x38 build/gpio.o
 .debug_loc     0x000000000000009e       0x65 build/freertos.o
 .debug_loc     0x0000000000000103      0x108 build/can.o
 .debug_loc     0x000000000000020b       0x20 build/stm32f3xx_it.o
 .debug_loc     0x000000000000022b       0x38 build/stm32f3xx_hal_msp.o
 .debug_loc     0x0000000000000263      0xf36 build/stm32f3xx_hal_can.o
 .debug_loc     0x0000000000001199      0x1e1 build/stm32f3xx_hal.o
 .debug_loc     0x000000000000137a      0xf59 build/stm32f3xx_hal_rcc.o
 .debug_loc     0x00000000000022d3      0x46f build/stm32f3xx_hal_gpio.o
 .debug_loc     0x0000000000002742      0x77f build/stm32f3xx_hal_cortex.o
 .debug_loc     0x0000000000002ec1      0x123 build/system_stm32f3xx.o
 .debug_loc     0x0000000000002fe4       0xe5 build/list.o
 .debug_loc     0x00000000000030c9     0x1f00 build/queue.o
 .debug_loc     0x0000000000004fc9     0x2b2c build/tasks.o
 .debug_loc     0x0000000000007af5     0x135a build/timers.o
 .debug_loc     0x0000000000008e4f     0x62c5 build/cmsis_os2.o
 .debug_loc     0x000000000000f114      0x3c1 build/heap_4.o
 .debug_loc     0x000000000000f4d5      0x1c0 build/port.o

.debug_aranges  0x0000000000000000      0xc58
 .debug_aranges
                0x0000000000000000       0x30 build/main.o
 .debug_aranges
                0x0000000000000030       0x20 build/gpio.o
 .debug_aranges
                0x0000000000000050       0x28 build/freertos.o
 .debug_aranges
                0x0000000000000078       0x30 build/can.o
 .debug_aranges
                0x00000000000000a8       0x50 build/stm32f3xx_it.o
 .debug_aranges
                0x00000000000000f8       0x20 build/stm32f3xx_hal_msp.o
 .debug_aranges
                0x0000000000000118      0x138 build/stm32f3xx_hal_can.o
 .debug_aranges
                0x0000000000000250       0xe0 build/stm32f3xx_hal.o
 .debug_aranges
                0x0000000000000330       0x88 build/stm32f3xx_hal_rcc.o
 .debug_aranges
                0x00000000000003b8       0x58 build/stm32f3xx_hal_gpio.o
 .debug_aranges
                0x0000000000000410       0x90 build/stm32f3xx_hal_cortex.o
 .debug_aranges
                0x00000000000004a0       0x28 build/system_stm32f3xx.o
 .debug_aranges
                0x00000000000004c8       0x40 build/list.o
 .debug_aranges
                0x0000000000000508      0x158 build/queue.o
 .debug_aranges
                0x0000000000000660      0x1f8 build/tasks.o
 .debug_aranges
                0x0000000000000858       0xe0 build/timers.o
 .debug_aranges
                0x0000000000000938      0x228 build/cmsis_os2.o
 .debug_aranges
                0x0000000000000b60       0x50 build/heap_4.o
 .debug_aranges
                0x0000000000000bb0       0x80 build/port.o
 .debug_aranges
                0x0000000000000c30       0x28 build/startup_stm32f303x8.o

.debug_ranges   0x0000000000000000      0xdc0
 .debug_ranges  0x0000000000000000       0x20 build/main.o
 .debug_ranges  0x0000000000000020       0x10 build/gpio.o
 .debug_ranges  0x0000000000000030       0x18 build/freertos.o
 .debug_ranges  0x0000000000000048       0x20 build/can.o
 .debug_ranges  0x0000000000000068       0x40 build/stm32f3xx_it.o
 .debug_ranges  0x00000000000000a8       0x10 build/stm32f3xx_hal_msp.o
 .debug_ranges  0x00000000000000b8      0x128 build/stm32f3xx_hal_can.o
 .debug_ranges  0x00000000000001e0       0xd0 build/stm32f3xx_hal.o
 .debug_ranges  0x00000000000002b0       0x98 build/stm32f3xx_hal_rcc.o
 .debug_ranges  0x0000000000000348       0x48 build/stm32f3xx_hal_gpio.o
 .debug_ranges  0x0000000000000390       0xe0 build/stm32f3xx_hal_cortex.o
 .debug_ranges  0x0000000000000470       0x18 build/system_stm32f3xx.o
 .debug_ranges  0x0000000000000488       0x30 build/list.o
 .debug_ranges  0x00000000000004b8      0x218 build/queue.o
 .debug_ranges  0x00000000000006d0      0x320 build/tasks.o
 .debug_ranges  0x00000000000009f0       0xd0 build/timers.o
 .debug_ranges  0x0000000000000ac0      0x218 build/cmsis_os2.o
 .debug_ranges  0x0000000000000cd8       0x40 build/heap_4.o
 .debug_ranges  0x0000000000000d18       0x88 build/port.o
 .debug_ranges  0x0000000000000da0       0x20 build/startup_stm32f303x8.o

.debug_line     0x0000000000000000     0xdc19
 .debug_line    0x0000000000000000      0x2e3 build/main.o
 .debug_line    0x00000000000002e3      0x21e build/gpio.o
 .debug_line    0x0000000000000501      0x207 build/freertos.o
 .debug_line    0x0000000000000708      0x2e2 build/can.o
 .debug_line    0x00000000000009ea      0x208 build/stm32f3xx_it.o
 .debug_line    0x0000000000000bf2      0x1a0 build/stm32f3xx_hal_msp.o
 .debug_line    0x0000000000000d92     0x10e1 build/stm32f3xx_hal_can.o
 .debug_line    0x0000000000001e73      0x522 build/stm32f3xx_hal.o
 .debug_line    0x0000000000002395     0x11bd build/stm32f3xx_hal_rcc.o
 .debug_line    0x0000000000003552      0x666 build/stm32f3xx_hal_gpio.o
 .debug_line    0x0000000000003bb8      0x623 build/stm32f3xx_hal_cortex.o
 .debug_line    0x00000000000041db      0x245 build/system_stm32f3xx.o
 .debug_line    0x0000000000004420      0x363 build/list.o
 .debug_line    0x0000000000004783     0x200c build/queue.o
 .debug_line    0x000000000000678f     0x2be0 build/tasks.o
 .debug_line    0x000000000000936f      0xddc build/timers.o
 .debug_line    0x000000000000a14b     0x2ce0 build/cmsis_os2.o
 .debug_line    0x000000000000ce2b      0x664 build/heap_4.o
 .debug_line    0x000000000000d48f      0x714 build/port.o
 .debug_line    0x000000000000dba3       0x76 build/startup_stm32f303x8.o

.debug_str      0x0000000000000000     0x4a70
 .debug_str     0x0000000000000000      0x343 build/main.o
                                        0x38c (size before relaxing)
 .debug_str     0x0000000000000343      0x123 build/gpio.o
                                        0x2c1 (size before relaxing)
 .debug_str     0x0000000000000466      0x4e5 build/freertos.o
                                        0x6bc (size before relaxing)
 .debug_str     0x000000000000094b      0x2d0 build/can.o
                                        0x5a8 (size before relaxing)
 .debug_str     0x0000000000000c1b       0xc4 build/stm32f3xx_it.o
                                        0x23b (size before relaxing)
 .debug_str     0x0000000000000cdf      0x322 build/stm32f3xx_hal_msp.o
                                        0x4f7 (size before relaxing)
 .debug_str     0x0000000000001001      0x57e build/stm32f3xx_hal_can.o
                                        0xa37 (size before relaxing)
 .debug_str     0x000000000000157f      0x301 build/stm32f3xx_hal.o
                                        0x84e (size before relaxing)
 .debug_str     0x0000000000001880      0x1f8 build/stm32f3xx_hal_rcc.o
                                        0x66e (size before relaxing)
 .debug_str     0x0000000000001a78      0x171 build/stm32f3xx_hal_gpio.o
                                        0x493 (size before relaxing)
 .debug_str     0x0000000000001be9      0x391 build/stm32f3xx_hal_cortex.o
                                        0x8db (size before relaxing)
 .debug_str     0x0000000000001f7a       0x5c build/system_stm32f3xx.o
                                        0x2c6 (size before relaxing)
 .debug_str     0x0000000000001fd6      0x14d build/list.o
                                        0x2ee (size before relaxing)
 .debug_str     0x0000000000002123      0x99b build/queue.o
                                        0xc6c (size before relaxing)
 .debug_str     0x0000000000002abe      0xc52 build/tasks.o
                                       0x1268 (size before relaxing)
 .debug_str     0x0000000000003710      0x5a0 build/timers.o
                                        0xbdf (size before relaxing)
 .debug_str     0x0000000000003cb0      0xa4a build/cmsis_os2.o
                                       0x18e4 (size before relaxing)
 .debug_str     0x00000000000046fa      0x1d5 build/heap_4.o
                                        0x3d7 (size before relaxing)
 .debug_str     0x00000000000048cf      0x17d build/port.o
                                        0x46e (size before relaxing)
 .debug_str     0x0000000000004a4c       0x24 build/startup_stm32f303x8.o
                                         0x56 (size before relaxing)

.comment        0x0000000000000000       0x49
 .comment       0x0000000000000000       0x49 build/main.o
                                         0x4a (size before relaxing)
 .comment       0x0000000000000049       0x4a build/gpio.o
 .comment       0x0000000000000049       0x4a build/freertos.o
 .comment       0x0000000000000049       0x4a build/can.o
 .comment       0x0000000000000049       0x4a build/stm32f3xx_it.o
 .comment       0x0000000000000049       0x4a build/stm32f3xx_hal_msp.o
 .comment       0x0000000000000049       0x4a build/stm32f3xx_hal_can.o
 .comment       0x0000000000000049       0x4a build/stm32f3xx_hal.o
 .comment       0x0000000000000049       0x4a build/stm32f3xx_hal_rcc.o
 .comment       0x0000000000000049       0x4a build/stm32f3xx_hal_gpio.o
 .comment       0x0000000000000049       0x4a build/stm32f3xx_hal_cortex.o
 .comment       0x0000000000000049       0x4a build/system_stm32f3xx.o
 .comment       0x0000000000000049       0x4a build/list.o
 .comment       0x0000000000000049       0x4a build/queue.o
 .comment       0x0000000000000049       0x4a build/tasks.o
 .comment       0x0000000000000049       0x4a build/timers.o
 .comment       0x0000000000000049       0x4a build/cmsis_os2.o
 .comment       0x0000000000000049       0x4a build/heap_4.o
 .comment       0x0000000000000049       0x4a build/port.o

.debug_frame    0x0000000000000000     0x21c4
 .debug_frame   0x0000000000000000       0x58 build/main.o
 .debug_frame   0x0000000000000058       0x34 build/gpio.o
 .debug_frame   0x000000000000008c       0x40 build/freertos.o
 .debug_frame   0x00000000000000cc       0x60 build/can.o
 .debug_frame   0x000000000000012c       0x88 build/stm32f3xx_it.o
 .debug_frame   0x00000000000001b4       0x2c build/stm32f3xx_hal_msp.o
 .debug_frame   0x00000000000001e0      0x2dc build/stm32f3xx_hal_can.o
 .debug_frame   0x00000000000004bc      0x1cc build/stm32f3xx_hal.o
 .debug_frame   0x0000000000000688      0x170 build/stm32f3xx_hal_rcc.o
 .debug_frame   0x00000000000007f8       0xd0 build/stm32f3xx_hal_gpio.o
 .debug_frame   0x00000000000008c8      0x118 build/stm32f3xx_hal_cortex.o
 .debug_frame   0x00000000000009e0       0x30 build/system_stm32f3xx.o
 .debug_frame   0x0000000000000a10       0x70 build/list.o
 .debug_frame   0x0000000000000a80      0x45c build/queue.o
 .debug_frame   0x0000000000000edc      0x650 build/tasks.o
 .debug_frame   0x000000000000152c      0x2c4 build/timers.o
 .debug_frame   0x00000000000017f0      0x7a0 build/cmsis_os2.o
 .debug_frame   0x0000000000001f90       0xb0 build/heap_4.o
 .debug_frame   0x0000000000002040      0x110 build/port.o
 .debug_frame   0x0000000000002150       0x2c /opt/homebrew/Cellar/arm-none-eabi-gcc/10.3-2021.07/gcc/bin/../lib/gcc/arm-none-eabi/10.3.1/../../../../arm-none-eabi/lib/thumb/v7e-m+fp/hard/libc_nano.a(lib_a-init.o)
 .debug_frame   0x000000000000217c       0x28 /opt/homebrew/Cellar/arm-none-eabi-gcc/10.3-2021.07/gcc/bin/../lib/gcc/arm-none-eabi/10.3.1/../../../../arm-none-eabi/lib/thumb/v7e-m+fp/hard/libc_nano.a(lib_a-memcpy-stub.o)
 .debug_frame   0x00000000000021a4       0x20 /opt/homebrew/Cellar/arm-none-eabi-gcc/10.3-2021.07/gcc/bin/../lib/gcc/arm-none-eabi/10.3.1/../../../../arm-none-eabi/lib/thumb/v7e-m+fp/hard/libc_nano.a(lib_a-memset.o)

Cross Reference Table

Symbol                                            File
ADC1_2_IRQHandler                                 build/startup_stm32f303x8.o
AHBPrescTable                                     build/system_stm32f3xx.o
                                                  build/stm32f3xx_hal_rcc.o
APBPrescTable                                     build/system_stm32f3xx.o
                                                  build/stm32f3xx_hal_rcc.o
BusFault_Handler                                  build/stm32f3xx_it.o
CAN_RX0_IRQHandler                                build/startup_stm32f303x8.o
CAN_RX1_IRQHandler                                build/startup_stm32f303x8.o
CAN_SCE_IRQHandler                                build/startup_stm32f303x8.o
CAN_TX_IRQHandler                                 build/startup_stm32f303x8.o
COMP2_IRQHandler                                  build/startup_stm32f303x8.o
COMP4_6_IRQHandler                                build/startup_stm32f303x8.o
DMA1_Channel1_IRQHandler                          build/startup_stm32f303x8.o
DMA1_Channel2_IRQHandler                          build/startup_stm32f303x8.o
DMA1_Channel3_IRQHandler                          build/startup_stm32f303x8.o
DMA1_Channel4_IRQHandler                          build/startup_stm32f303x8.o
DMA1_Channel5_IRQHandler                          build/startup_stm32f303x8.o
DMA1_Channel6_IRQHandler                          build/startup_stm32f303x8.o
DMA1_Channel7_IRQHandler                          build/startup_stm32f303x8.o
DebugMon_Handler                                  build/stm32f3xx_it.o
Default_Handler                                   build/startup_stm32f303x8.o
EXTI0_IRQHandler                                  build/startup_stm32f303x8.o
EXTI15_10_IRQHandler                              build/startup_stm32f303x8.o
EXTI1_IRQHandler                                  build/startup_stm32f303x8.o
EXTI2_TSC_IRQHandler                              build/startup_stm32f303x8.o
EXTI3_IRQHandler                                  build/startup_stm32f303x8.o
EXTI4_IRQHandler                                  build/startup_stm32f303x8.o
EXTI9_5_IRQHandler                                build/startup_stm32f303x8.o
Error_Handler                                     build/main.o
                                                  build/can.o
FLASH_IRQHandler                                  build/startup_stm32f303x8.o
FLASH_PageErase                                   build/stm32f3xx_hal_flash_ex.o
                                                  build/stm32f3xx_hal_flash.o
FLASH_WaitForLastOperation                        build/stm32f3xx_hal_flash.o
                                                  build/stm32f3xx_hal_flash_ex.o
FPU_IRQHandler                                    build/startup_stm32f303x8.o
HAL_CAN_AbortTxRequest                            build/stm32f3xx_hal_can.o
HAL_CAN_ActivateNotification                      build/stm32f3xx_hal_can.o
HAL_CAN_AddTxMessage                              build/stm32f3xx_hal_can.o
HAL_CAN_ConfigFilter                              build/stm32f3xx_hal_can.o
HAL_CAN_DeInit                                    build/stm32f3xx_hal_can.o
HAL_CAN_DeactivateNotification                    build/stm32f3xx_hal_can.o
HAL_CAN_ErrorCallback                             build/stm32f3xx_hal_can.o
HAL_CAN_GetError                                  build/stm32f3xx_hal_can.o
HAL_CAN_GetRxFifoFillLevel                        build/stm32f3xx_hal_can.o
HAL_CAN_GetRxMessage                              build/stm32f3xx_hal_can.o
HAL_CAN_GetState                                  build/stm32f3xx_hal_can.o
HAL_CAN_GetTxMailboxesFreeLevel                   build/stm32f3xx_hal_can.o
HAL_CAN_GetTxTimestamp                            build/stm32f3xx_hal_can.o
HAL_CAN_IRQHandler                                build/stm32f3xx_hal_can.o
HAL_CAN_Init                                      build/stm32f3xx_hal_can.o
                                                  build/can.o
HAL_CAN_IsSleepActive                             build/stm32f3xx_hal_can.o
HAL_CAN_IsTxMessagePending                        build/stm32f3xx_hal_can.o
HAL_CAN_MspDeInit                                 build/can.o
HAL_CAN_MspInit                                   build/can.o
HAL_CAN_RequestSleep                              build/stm32f3xx_hal_can.o
HAL_CAN_ResetError                                build/stm32f3xx_hal_can.o
HAL_CAN_RxFifo0FullCallback                       build/stm32f3xx_hal_can.o
HAL_CAN_RxFifo0MsgPendingCallback                 build/stm32f3xx_hal_can.o
HAL_CAN_RxFifo1FullCallback                       build/stm32f3xx_hal_can.o
HAL_CAN_RxFifo1MsgPendingCallback                 build/stm32f3xx_hal_can.o
HAL_CAN_SleepCallback                             build/stm32f3xx_hal_can.o
HAL_CAN_Start                                     build/stm32f3xx_hal_can.o
HAL_CAN_Stop                                      build/stm32f3xx_hal_can.o
HAL_CAN_TxMailbox0AbortCallback                   build/stm32f3xx_hal_can.o
HAL_CAN_TxMailbox0CompleteCallback                build/stm32f3xx_hal_can.o
HAL_CAN_TxMailbox1AbortCallback                   build/stm32f3xx_hal_can.o
HAL_CAN_TxMailbox1CompleteCallback                build/stm32f3xx_hal_can.o
HAL_CAN_TxMailbox2AbortCallback                   build/stm32f3xx_hal_can.o
HAL_CAN_TxMailbox2CompleteCallback                build/stm32f3xx_hal_can.o
HAL_CAN_WakeUp                                    build/stm32f3xx_hal_can.o
HAL_CAN_WakeUpFromRxMsgCallback                   build/stm32f3xx_hal_can.o
HAL_DBGMCU_DisableDBGSleepMode                    build/stm32f3xx_hal.o
HAL_DBGMCU_DisableDBGStandbyMode                  build/stm32f3xx_hal.o
HAL_DBGMCU_DisableDBGStopMode                     build/stm32f3xx_hal.o
HAL_DBGMCU_EnableDBGSleepMode                     build/stm32f3xx_hal.o
HAL_DBGMCU_EnableDBGStandbyMode                   build/stm32f3xx_hal.o
HAL_DBGMCU_EnableDBGStopMode                      build/stm32f3xx_hal.o
HAL_DMA_Abort                                     build/stm32f3xx_hal_dma.o
HAL_DMA_Abort_IT                                  build/stm32f3xx_hal_dma.o
                                                  build/stm32f3xx_hal_i2c.o
HAL_DMA_DeInit                                    build/stm32f3xx_hal_dma.o
HAL_DMA_GetError                                  build/stm32f3xx_hal_dma.o
HAL_DMA_GetState                                  build/stm32f3xx_hal_dma.o
                                                  build/stm32f3xx_hal_i2c.o
HAL_DMA_IRQHandler                                build/stm32f3xx_hal_dma.o
HAL_DMA_Init                                      build/stm32f3xx_hal_dma.o
HAL_DMA_PollForTransfer                           build/stm32f3xx_hal_dma.o
HAL_DMA_RegisterCallback                          build/stm32f3xx_hal_dma.o
HAL_DMA_Start                                     build/stm32f3xx_hal_dma.o
HAL_DMA_Start_IT                                  build/stm32f3xx_hal_dma.o
                                                  build/stm32f3xx_hal_i2c.o
HAL_DMA_UnRegisterCallback                        build/stm32f3xx_hal_dma.o
HAL_DeInit                                        build/stm32f3xx_hal.o
HAL_Delay                                         build/stm32f3xx_hal.o
HAL_EXTI_ClearConfigLine                          build/stm32f3xx_hal_exti.o
HAL_EXTI_ClearPending                             build/stm32f3xx_hal_exti.o
HAL_EXTI_GenerateSWI                              build/stm32f3xx_hal_exti.o
HAL_EXTI_GetConfigLine                            build/stm32f3xx_hal_exti.o
HAL_EXTI_GetHandle                                build/stm32f3xx_hal_exti.o
HAL_EXTI_GetPending                               build/stm32f3xx_hal_exti.o
HAL_EXTI_IRQHandler                               build/stm32f3xx_hal_exti.o
HAL_EXTI_RegisterCallback                         build/stm32f3xx_hal_exti.o
HAL_EXTI_SetConfigLine                            build/stm32f3xx_hal_exti.o
HAL_FLASHEx_Erase                                 build/stm32f3xx_hal_flash_ex.o
HAL_FLASHEx_Erase_IT                              build/stm32f3xx_hal_flash_ex.o
HAL_FLASHEx_OBErase                               build/stm32f3xx_hal_flash_ex.o
HAL_FLASHEx_OBGetConfig                           build/stm32f3xx_hal_flash_ex.o
HAL_FLASHEx_OBGetUserData                         build/stm32f3xx_hal_flash_ex.o
HAL_FLASHEx_OBProgram                             build/stm32f3xx_hal_flash_ex.o
HAL_FLASH_EndOfOperationCallback                  build/stm32f3xx_hal_flash.o
HAL_FLASH_GetError                                build/stm32f3xx_hal_flash.o
HAL_FLASH_IRQHandler                              build/stm32f3xx_hal_flash.o
HAL_FLASH_Lock                                    build/stm32f3xx_hal_flash.o
HAL_FLASH_OB_Launch                               build/stm32f3xx_hal_flash.o
HAL_FLASH_OB_Lock                                 build/stm32f3xx_hal_flash.o
HAL_FLASH_OB_Unlock                               build/stm32f3xx_hal_flash.o
HAL_FLASH_OperationErrorCallback                  build/stm32f3xx_hal_flash.o
HAL_FLASH_Program                                 build/stm32f3xx_hal_flash.o
HAL_FLASH_Program_IT                              build/stm32f3xx_hal_flash.o
HAL_FLASH_Unlock                                  build/stm32f3xx_hal_flash.o
HAL_GPIO_DeInit                                   build/stm32f3xx_hal_gpio.o
                                                  build/can.o
HAL_GPIO_EXTI_Callback                            build/stm32f3xx_hal_gpio.o
HAL_GPIO_EXTI_IRQHandler                          build/stm32f3xx_hal_gpio.o
HAL_GPIO_Init                                     build/stm32f3xx_hal_gpio.o
                                                  build/stm32f3xx_hal_rcc.o
                                                  build/can.o
                                                  build/gpio.o
HAL_GPIO_LockPin                                  build/stm32f3xx_hal_gpio.o
HAL_GPIO_ReadPin                                  build/stm32f3xx_hal_gpio.o
HAL_GPIO_TogglePin                                build/stm32f3xx_hal_gpio.o
                                                  build/freertos.o
HAL_GPIO_WritePin                                 build/stm32f3xx_hal_gpio.o
                                                  build/gpio.o
HAL_GetDEVID                                      build/stm32f3xx_hal.o
HAL_GetHalVersion                                 build/stm32f3xx_hal.o
HAL_GetREVID                                      build/stm32f3xx_hal.o
HAL_GetTick                                       build/stm32f3xx_hal.o
                                                  build/stm32f3xx_hal_i2c.o
                                                  build/stm32f3xx_hal_flash.o
                                                  build/stm32f3xx_hal_dma.o
                                                  build/stm32f3xx_hal_rcc_ex.o
                                                  build/stm32f3xx_hal_rcc.o
                                                  build/stm32f3xx_hal_can.o
HAL_GetTickFreq                                   build/stm32f3xx_hal.o
HAL_GetTickPrio                                   build/stm32f3xx_hal.o
HAL_GetUIDw0                                      build/stm32f3xx_hal.o
HAL_GetUIDw1                                      build/stm32f3xx_hal.o
HAL_GetUIDw2                                      build/stm32f3xx_hal.o
HAL_I2CEx_ConfigAnalogFilter                      build/stm32f3xx_hal_i2c_ex.o
HAL_I2CEx_ConfigDigitalFilter                     build/stm32f3xx_hal_i2c_ex.o
HAL_I2CEx_DisableFastModePlus                     build/stm32f3xx_hal_i2c_ex.o
HAL_I2CEx_DisableWakeUp                           build/stm32f3xx_hal_i2c_ex.o
HAL_I2CEx_EnableFastModePlus                      build/stm32f3xx_hal_i2c_ex.o
HAL_I2CEx_EnableWakeUp                            build/stm32f3xx_hal_i2c_ex.o
HAL_I2C_AbortCpltCallback                         build/stm32f3xx_hal_i2c.o
HAL_I2C_AddrCallback                              build/stm32f3xx_hal_i2c.o
HAL_I2C_DeInit                                    build/stm32f3xx_hal_i2c.o
HAL_I2C_DisableListen_IT                          build/stm32f3xx_hal_i2c.o
HAL_I2C_ER_IRQHandler                             build/stm32f3xx_hal_i2c.o
HAL_I2C_EV_IRQHandler                             build/stm32f3xx_hal_i2c.o
HAL_I2C_EnableListen_IT                           build/stm32f3xx_hal_i2c.o
HAL_I2C_ErrorCallback                             build/stm32f3xx_hal_i2c.o
HAL_I2C_GetError                                  build/stm32f3xx_hal_i2c.o
HAL_I2C_GetMode                                   build/stm32f3xx_hal_i2c.o
HAL_I2C_GetState                                  build/stm32f3xx_hal_i2c.o
HAL_I2C_Init                                      build/stm32f3xx_hal_i2c.o
HAL_I2C_IsDeviceReady                             build/stm32f3xx_hal_i2c.o
HAL_I2C_ListenCpltCallback                        build/stm32f3xx_hal_i2c.o
HAL_I2C_MasterRxCpltCallback                      build/stm32f3xx_hal_i2c.o
HAL_I2C_MasterTxCpltCallback                      build/stm32f3xx_hal_i2c.o
HAL_I2C_Master_Abort_IT                           build/stm32f3xx_hal_i2c.o
HAL_I2C_Master_Receive                            build/stm32f3xx_hal_i2c.o
HAL_I2C_Master_Receive_DMA                        build/stm32f3xx_hal_i2c.o
HAL_I2C_Master_Receive_IT                         build/stm32f3xx_hal_i2c.o
HAL_I2C_Master_Seq_Receive_DMA                    build/stm32f3xx_hal_i2c.o
HAL_I2C_Master_Seq_Receive_IT                     build/stm32f3xx_hal_i2c.o
HAL_I2C_Master_Seq_Transmit_DMA                   build/stm32f3xx_hal_i2c.o
HAL_I2C_Master_Seq_Transmit_IT                    build/stm32f3xx_hal_i2c.o
HAL_I2C_Master_Transmit                           build/stm32f3xx_hal_i2c.o
HAL_I2C_Master_Transmit_DMA                       build/stm32f3xx_hal_i2c.o
HAL_I2C_Master_Transmit_IT                        build/stm32f3xx_hal_i2c.o
HAL_I2C_MemRxCpltCallback                         build/stm32f3xx_hal_i2c.o
HAL_I2C_MemTxCpltCallback                         build/stm32f3xx_hal_i2c.o
HAL_I2C_Mem_Read                                  build/stm32f3xx_hal_i2c.o
HAL_I2C_Mem_Read_DMA                              build/stm32f3xx_hal_i2c.o
HAL_I2C_Mem_Read_IT                               build/stm32f3xx_hal_i2c.o
HAL_I2C_Mem_Write                                 build/stm32f3xx_hal_i2c.o
HAL_I2C_Mem_Write_DMA                             build/stm32f3xx_hal_i2c.o
HAL_I2C_Mem_Write_IT                              build/stm32f3xx_hal_i2c.o
HAL_I2C_MspDeInit                                 build/stm32f3xx_hal_i2c.o
HAL_I2C_MspInit                                   build/stm32f3xx_hal_i2c.o
HAL_I2C_SlaveRxCpltCallback                       build/stm32f3xx_hal_i2c.o
HAL_I2C_SlaveTxCpltCallback                       build/stm32f3xx_hal_i2c.o
HAL_I2C_Slave_Receive                             build/stm32f3xx_hal_i2c.o
HAL_I2C_Slave_Receive_DMA                         build/stm32f3xx_hal_i2c.o
HAL_I2C_Slave_Receive_IT                          build/stm32f3xx_hal_i2c.o
HAL_I2C_Slave_Seq_Receive_DMA                     build/stm32f3xx_hal_i2c.o
HAL_I2C_Slave_Seq_Receive_IT                      build/stm32f3xx_hal_i2c.o
HAL_I2C_Slave_Seq_Transmit_DMA                    build/stm32f3xx_hal_i2c.o
HAL_I2C_Slave_Seq_Transmit_IT                     build/stm32f3xx_hal_i2c.o
HAL_I2C_Slave_Transmit                            build/stm32f3xx_hal_i2c.o
HAL_I2C_Slave_Transmit_DMA                        build/stm32f3xx_hal_i2c.o
HAL_I2C_Slave_Transmit_IT                         build/stm32f3xx_hal_i2c.o
HAL_IncTick                                       build/stm32f3xx_hal.o
                                                  build/stm32f3xx_it.o
HAL_Init                                          build/stm32f3xx_hal.o
                                                  build/main.o
HAL_InitTick                                      build/stm32f3xx_hal.o
                                                  build/stm32f3xx_hal_rcc.o
HAL_MspDeInit                                     build/stm32f3xx_hal.o
HAL_MspInit                                       build/stm32f3xx_hal_msp.o
HAL_NVIC_ClearPendingIRQ                          build/stm32f3xx_hal_cortex.o
HAL_NVIC_DisableIRQ                               build/stm32f3xx_hal_cortex.o
HAL_NVIC_EnableIRQ                                build/stm32f3xx_hal_cortex.o
HAL_NVIC_GetActive                                build/stm32f3xx_hal_cortex.o
HAL_NVIC_GetPendingIRQ                            build/stm32f3xx_hal_cortex.o
HAL_NVIC_GetPriority                              build/stm32f3xx_hal_cortex.o
HAL_NVIC_GetPriorityGrouping                      build/stm32f3xx_hal_cortex.o
HAL_NVIC_SetPendingIRQ                            build/stm32f3xx_hal_cortex.o
HAL_NVIC_SetPriority                              build/stm32f3xx_hal_cortex.o
                                                  build/stm32f3xx_hal.o
                                                  build/stm32f3xx_hal_msp.o
HAL_NVIC_SetPriorityGrouping                      build/stm32f3xx_hal_cortex.o
                                                  build/stm32f3xx_hal.o
HAL_NVIC_SystemReset                              build/stm32f3xx_hal_cortex.o
HAL_PWR_ConfigPVD                                 build/stm32f3xx_hal_pwr_ex.o
HAL_PWR_DeInit                                    build/stm32f3xx_hal_pwr.o
HAL_PWR_DisableBkUpAccess                         build/stm32f3xx_hal_pwr.o
HAL_PWR_DisablePVD                                build/stm32f3xx_hal_pwr_ex.o
HAL_PWR_DisableSEVOnPend                          build/stm32f3xx_hal_pwr.o
HAL_PWR_DisableSleepOnExit                        build/stm32f3xx_hal_pwr.o
HAL_PWR_DisableWakeUpPin                          build/stm32f3xx_hal_pwr.o
HAL_PWR_EnableBkUpAccess                          build/stm32f3xx_hal_pwr.o
HAL_PWR_EnablePVD                                 build/stm32f3xx_hal_pwr_ex.o
HAL_PWR_EnableSEVOnPend                           build/stm32f3xx_hal_pwr.o
HAL_PWR_EnableSleepOnExit                         build/stm32f3xx_hal_pwr.o
HAL_PWR_EnableWakeUpPin                           build/stm32f3xx_hal_pwr.o
HAL_PWR_EnterSLEEPMode                            build/stm32f3xx_hal_pwr.o
HAL_PWR_EnterSTANDBYMode                          build/stm32f3xx_hal_pwr.o
HAL_PWR_EnterSTOPMode                             build/stm32f3xx_hal_pwr.o
HAL_PWR_PVDCallback                               build/stm32f3xx_hal_pwr_ex.o
HAL_PWR_PVD_IRQHandler                            build/stm32f3xx_hal_pwr_ex.o
HAL_RCCEx_GetPeriphCLKConfig                      build/stm32f3xx_hal_rcc_ex.o
HAL_RCCEx_GetPeriphCLKFreq                        build/stm32f3xx_hal_rcc_ex.o
HAL_RCCEx_PeriphCLKConfig                         build/stm32f3xx_hal_rcc_ex.o
HAL_RCC_CSSCallback                               build/stm32f3xx_hal_rcc.o
HAL_RCC_ClockConfig                               build/stm32f3xx_hal_rcc.o
                                                  build/main.o
HAL_RCC_DeInit                                    build/stm32f3xx_hal_rcc.o
HAL_RCC_DisableCSS                                build/stm32f3xx_hal_rcc.o
HAL_RCC_EnableCSS                                 build/stm32f3xx_hal_rcc.o
HAL_RCC_GetClockConfig                            build/stm32f3xx_hal_rcc.o
HAL_RCC_GetHCLKFreq                               build/stm32f3xx_hal_rcc.o
HAL_RCC_GetOscConfig                              build/stm32f3xx_hal_rcc.o
HAL_RCC_GetPCLK1Freq                              build/stm32f3xx_hal_rcc.o
                                                  build/stm32f3xx_hal_rcc_ex.o
HAL_RCC_GetPCLK2Freq                              build/stm32f3xx_hal_rcc.o
HAL_RCC_GetSysClockFreq                           build/stm32f3xx_hal_rcc.o
                                                  build/stm32f3xx_hal_rcc_ex.o
HAL_RCC_MCOConfig                                 build/stm32f3xx_hal_rcc.o
HAL_RCC_NMI_IRQHandler                            build/stm32f3xx_hal_rcc.o
HAL_RCC_OscConfig                                 build/stm32f3xx_hal_rcc.o
                                                  build/main.o
HAL_ResumeTick                                    build/stm32f3xx_hal.o
HAL_SYSTICK_CLKSourceConfig                       build/stm32f3xx_hal_cortex.o
HAL_SYSTICK_Callback                              build/stm32f3xx_hal_cortex.o
HAL_SYSTICK_Config                                build/stm32f3xx_hal_cortex.o
                                                  build/stm32f3xx_hal.o
HAL_SYSTICK_IRQHandler                            build/stm32f3xx_hal_cortex.o
HAL_SetTickFreq                                   build/stm32f3xx_hal.o
HAL_SuspendTick                                   build/stm32f3xx_hal.o
HardFault_Handler                                 build/stm32f3xx_it.o
I2C1_ER_IRQHandler                                build/startup_stm32f303x8.o
I2C1_EV_IRQHandler                                build/startup_stm32f303x8.o
MX_CAN_Init                                       build/can.o
                                                  build/main.o
MX_FREERTOS_Init                                  build/freertos.o
                                                  build/main.o
MX_GPIO_Init                                      build/gpio.o
                                                  build/main.o
MemManage_Handler                                 build/stm32f3xx_it.o
NMI_Handler                                       build/stm32f3xx_it.o
PVD_IRQHandler                                    build/startup_stm32f303x8.o
PendSV_Handler                                    build/port.o
RCC_IRQHandler                                    build/startup_stm32f303x8.o
RTC_Alarm_IRQHandler                              build/startup_stm32f303x8.o
RTC_WKUP_IRQHandler                               build/startup_stm32f303x8.o
Reset_Handler                                     build/startup_stm32f303x8.o
SPI1_IRQHandler                                   build/startup_stm32f303x8.o
SVC_Handler                                       build/port.o
StartDefaultTask                                  build/freertos.o
SysTick_Handler                                   build/stm32f3xx_it.o
SystemClock_Config                                build/main.o
SystemCoreClock                                   build/system_stm32f3xx.o
                                                  build/port.o
                                                  build/cmsis_os2.o
                                                  build/stm32f3xx_hal_rcc_ex.o
                                                  build/stm32f3xx_hal_rcc.o
                                                  build/stm32f3xx_hal.o
SystemCoreClockUpdate                             build/system_stm32f3xx.o
SystemInit                                        build/system_stm32f3xx.o
                                                  build/startup_stm32f303x8.o
TAMP_STAMP_IRQHandler                             build/startup_stm32f303x8.o
TIM1_BRK_TIM15_IRQHandler                         build/startup_stm32f303x8.o
TIM1_CC_IRQHandler                                build/startup_stm32f303x8.o
TIM1_TRG_COM_TIM17_IRQHandler                     build/startup_stm32f303x8.o
TIM1_UP_TIM16_IRQHandler                          build/startup_stm32f303x8.o
TIM2_IRQHandler                                   build/startup_stm32f303x8.o
TIM3_IRQHandler                                   build/startup_stm32f303x8.o
TIM6_DAC1_IRQHandler                              build/startup_stm32f303x8.o
TIM7_DAC2_IRQHandler                              build/startup_stm32f303x8.o
USART1_IRQHandler                                 build/startup_stm32f303x8.o
USART2_IRQHandler                                 build/startup_stm32f303x8.o
USART3_IRQHandler                                 build/startup_stm32f303x8.o
UsageFault_Handler                                build/stm32f3xx_it.o
WWDG_IRQHandler                                   build/startup_stm32f303x8.o
__bss_end__                                       /opt/homebrew/Cellar/arm-none-eabi-gcc/10.3-2021.07/gcc/bin/../lib/gcc/arm-none-eabi/10.3.1/../../../../arm-none-eabi/lib/thumb/v7e-m+fp/hard/crt0.o
__bss_start__                                     /opt/homebrew/Cellar/arm-none-eabi-gcc/10.3-2021.07/gcc/bin/../lib/gcc/arm-none-eabi/10.3.1/../../../../arm-none-eabi/lib/thumb/v7e-m+fp/hard/crt0.o
__call_exitprocs                                  /opt/homebrew/Cellar/arm-none-eabi-gcc/10.3-2021.07/gcc/bin/../lib/gcc/arm-none-eabi/10.3.1/../../../../arm-none-eabi/lib/thumb/v7e-m+fp/hard/libc_nano.a(lib_a-exit.o)
__deregister_frame_info                           /opt/homebrew/Cellar/arm-none-eabi-gcc/10.3-2021.07/gcc/bin/../lib/gcc/arm-none-eabi/10.3.1/thumb/v7e-m+fp/hard/crtbegin.o
__dso_handle                                      /opt/homebrew/Cellar/arm-none-eabi-gcc/10.3-2021.07/gcc/bin/../lib/gcc/arm-none-eabi/10.3.1/thumb/v7e-m+fp/hard/crtbegin.o
__init_array_end                                  /opt/homebrew/Cellar/arm-none-eabi-gcc/10.3-2021.07/gcc/bin/../lib/gcc/arm-none-eabi/10.3.1/../../../../arm-none-eabi/lib/thumb/v7e-m+fp/hard/libc_nano.a(lib_a-init.o)
__init_array_start                                /opt/homebrew/Cellar/arm-none-eabi-gcc/10.3-2021.07/gcc/bin/../lib/gcc/arm-none-eabi/10.3.1/../../../../arm-none-eabi/lib/thumb/v7e-m+fp/hard/libc_nano.a(lib_a-init.o)
__libc_fini_array                                 /opt/homebrew/Cellar/arm-none-eabi-gcc/10.3-2021.07/gcc/bin/../lib/gcc/arm-none-eabi/10.3.1/../../../../arm-none-eabi/lib/thumb/v7e-m+fp/hard/crt0.o
__libc_init_array                                 /opt/homebrew/Cellar/arm-none-eabi-gcc/10.3-2021.07/gcc/bin/../lib/gcc/arm-none-eabi/10.3.1/../../../../arm-none-eabi/lib/thumb/v7e-m+fp/hard/libc_nano.a(lib_a-init.o)
                                                  build/startup_stm32f303x8.o
                                                  /opt/homebrew/Cellar/arm-none-eabi-gcc/10.3-2021.07/gcc/bin/../lib/gcc/arm-none-eabi/10.3.1/../../../../arm-none-eabi/lib/thumb/v7e-m+fp/hard/crt0.o
__preinit_array_end                               /opt/homebrew/Cellar/arm-none-eabi-gcc/10.3-2021.07/gcc/bin/../lib/gcc/arm-none-eabi/10.3.1/../../../../arm-none-eabi/lib/thumb/v7e-m+fp/hard/libc_nano.a(lib_a-init.o)
__preinit_array_start                             /opt/homebrew/Cellar/arm-none-eabi-gcc/10.3-2021.07/gcc/bin/../lib/gcc/arm-none-eabi/10.3.1/../../../../arm-none-eabi/lib/thumb/v7e-m+fp/hard/libc_nano.a(lib_a-init.o)
__register_frame_info                             /opt/homebrew/Cellar/arm-none-eabi-gcc/10.3-2021.07/gcc/bin/../lib/gcc/arm-none-eabi/10.3.1/thumb/v7e-m+fp/hard/crtbegin.o
__sf_fake_stderr                                  /opt/homebrew/Cellar/arm-none-eabi-gcc/10.3-2021.07/gcc/bin/../lib/gcc/arm-none-eabi/10.3.1/../../../../arm-none-eabi/lib/thumb/v7e-m+fp/hard/libc_nano.a(lib_a-impure.o)
__sf_fake_stdin                                   /opt/homebrew/Cellar/arm-none-eabi-gcc/10.3-2021.07/gcc/bin/../lib/gcc/arm-none-eabi/10.3.1/../../../../arm-none-eabi/lib/thumb/v7e-m+fp/hard/libc_nano.a(lib_a-impure.o)
__sf_fake_stdout                                  /opt/homebrew/Cellar/arm-none-eabi-gcc/10.3-2021.07/gcc/bin/../lib/gcc/arm-none-eabi/10.3.1/../../../../arm-none-eabi/lib/thumb/v7e-m+fp/hard/libc_nano.a(lib_a-impure.o)
__stack                                           /opt/homebrew/Cellar/arm-none-eabi-gcc/10.3-2021.07/gcc/bin/../lib/gcc/arm-none-eabi/10.3.1/../../../../arm-none-eabi/lib/thumb/v7e-m+fp/hard/crt0.o
_ebss                                             build/startup_stm32f303x8.o
_edata                                            build/startup_stm32f303x8.o
_estack                                           build/startup_stm32f303x8.o
_exit                                             /opt/homebrew/Cellar/arm-none-eabi-gcc/10.3-2021.07/gcc/bin/../lib/gcc/arm-none-eabi/10.3.1/../../../../arm-none-eabi/lib/thumb/v7e-m+fp/hard/libnosys.a(_exit.o)
                                                  /opt/homebrew/Cellar/arm-none-eabi-gcc/10.3-2021.07/gcc/bin/../lib/gcc/arm-none-eabi/10.3.1/../../../../arm-none-eabi/lib/thumb/v7e-m+fp/hard/libc_nano.a(lib_a-exit.o)
_fini                                             /opt/homebrew/Cellar/arm-none-eabi-gcc/10.3-2021.07/gcc/bin/../lib/gcc/arm-none-eabi/10.3.1/thumb/v7e-m+fp/hard/crti.o
_global_impure_ptr                                /opt/homebrew/Cellar/arm-none-eabi-gcc/10.3-2021.07/gcc/bin/../lib/gcc/arm-none-eabi/10.3.1/../../../../arm-none-eabi/lib/thumb/v7e-m+fp/hard/libc_nano.a(lib_a-impure.o)
                                                  /opt/homebrew/Cellar/arm-none-eabi-gcc/10.3-2021.07/gcc/bin/../lib/gcc/arm-none-eabi/10.3.1/../../../../arm-none-eabi/lib/thumb/v7e-m+fp/hard/libc_nano.a(lib_a-exit.o)
_impure_ptr                                       /opt/homebrew/Cellar/arm-none-eabi-gcc/10.3-2021.07/gcc/bin/../lib/gcc/arm-none-eabi/10.3.1/../../../../arm-none-eabi/lib/thumb/v7e-m+fp/hard/libc_nano.a(lib_a-impure.o)
_init                                             /opt/homebrew/Cellar/arm-none-eabi-gcc/10.3-2021.07/gcc/bin/../lib/gcc/arm-none-eabi/10.3.1/thumb/v7e-m+fp/hard/crti.o
                                                  /opt/homebrew/Cellar/arm-none-eabi-gcc/10.3-2021.07/gcc/bin/../lib/gcc/arm-none-eabi/10.3.1/../../../../arm-none-eabi/lib/thumb/v7e-m+fp/hard/libc_nano.a(lib_a-init.o)
_mainCRTStartup                                   /opt/homebrew/Cellar/arm-none-eabi-gcc/10.3-2021.07/gcc/bin/../lib/gcc/arm-none-eabi/10.3.1/../../../../arm-none-eabi/lib/thumb/v7e-m+fp/hard/crt0.o
_sbss                                             build/startup_stm32f303x8.o
_sdata                                            build/startup_stm32f303x8.o
_sidata                                           build/startup_stm32f303x8.o
_stack_init                                       /opt/homebrew/Cellar/arm-none-eabi-gcc/10.3-2021.07/gcc/bin/../lib/gcc/arm-none-eabi/10.3.1/../../../../arm-none-eabi/lib/thumb/v7e-m+fp/hard/crt0.o
_start                                            /opt/homebrew/Cellar/arm-none-eabi-gcc/10.3-2021.07/gcc/bin/../lib/gcc/arm-none-eabi/10.3.1/../../../../arm-none-eabi/lib/thumb/v7e-m+fp/hard/crt0.o
aPLLMULFactorTable                                build/stm32f3xx_hal_rcc.o
aPredivFactorTable                                build/stm32f3xx_hal_rcc.o
atexit                                            /opt/homebrew/Cellar/arm-none-eabi-gcc/10.3-2021.07/gcc/bin/../lib/gcc/arm-none-eabi/10.3.1/../../../../arm-none-eabi/lib/thumb/v7e-m+fp/hard/crt0.o
defaultTaskHandle                                 build/freertos.o
defaultTask_attributes                            build/freertos.o
eTaskGetState                                     build/tasks.o
                                                  build/cmsis_os2.o
exit                                              /opt/homebrew/Cellar/arm-none-eabi-gcc/10.3-2021.07/gcc/bin/../lib/gcc/arm-none-eabi/10.3.1/../../../../arm-none-eabi/lib/thumb/v7e-m+fp/hard/libc_nano.a(lib_a-exit.o)
                                                  /opt/homebrew/Cellar/arm-none-eabi-gcc/10.3-2021.07/gcc/bin/../lib/gcc/arm-none-eabi/10.3.1/../../../../arm-none-eabi/lib/thumb/v7e-m+fp/hard/crt0.o
g_pfnVectors                                      build/startup_stm32f303x8.o
hardware_init_hook                                /opt/homebrew/Cellar/arm-none-eabi-gcc/10.3-2021.07/gcc/bin/../lib/gcc/arm-none-eabi/10.3.1/../../../../arm-none-eabi/lib/thumb/v7e-m+fp/hard/crt0.o
hcan                                              build/can.o
main                                              build/main.o
                                                  build/startup_stm32f303x8.o
                                                  /opt/homebrew/Cellar/arm-none-eabi-gcc/10.3-2021.07/gcc/bin/../lib/gcc/arm-none-eabi/10.3.1/../../../../arm-none-eabi/lib/thumb/v7e-m+fp/hard/crt0.o
memcpy                                            /opt/homebrew/Cellar/arm-none-eabi-gcc/10.3-2021.07/gcc/bin/../lib/gcc/arm-none-eabi/10.3.1/../../../../arm-none-eabi/lib/thumb/v7e-m+fp/hard/libc_nano.a(lib_a-memcpy-stub.o)
                                                  build/cmsis_os2.o
                                                  build/stream_buffer.o
                                                  build/queue.o
memset                                            /opt/homebrew/Cellar/arm-none-eabi-gcc/10.3-2021.07/gcc/bin/../lib/gcc/arm-none-eabi/10.3.1/../../../../arm-none-eabi/lib/thumb/v7e-m+fp/hard/libc_nano.a(lib_a-memset.o)
                                                  build/tasks.o
                                                  build/stream_buffer.o
                                                  build/main.o
                                                  /opt/homebrew/Cellar/arm-none-eabi-gcc/10.3-2021.07/gcc/bin/../lib/gcc/arm-none-eabi/10.3.1/../../../../arm-none-eabi/lib/thumb/v7e-m+fp/hard/crt0.o
osDelay                                           build/cmsis_os2.o
                                                  build/freertos.o
osDelayUntil                                      build/cmsis_os2.o
osEventFlagsClear                                 build/cmsis_os2.o
osEventFlagsDelete                                build/cmsis_os2.o
osEventFlagsGet                                   build/cmsis_os2.o
osEventFlagsNew                                   build/cmsis_os2.o
osEventFlagsSet                                   build/cmsis_os2.o
osEventFlagsWait                                  build/cmsis_os2.o
osKernelGetInfo                                   build/cmsis_os2.o
osKernelGetState                                  build/cmsis_os2.o
osKernelGetSysTimerCount                          build/cmsis_os2.o
osKernelGetSysTimerFreq                           build/cmsis_os2.o
osKernelGetTickCount                              build/cmsis_os2.o
osKernelGetTickFreq                               build/cmsis_os2.o
osKernelInitialize                                build/cmsis_os2.o
                                                  build/main.o
osKernelLock                                      build/cmsis_os2.o
osKernelRestoreLock                               build/cmsis_os2.o
osKernelStart                                     build/cmsis_os2.o
                                                  build/main.o
osKernelUnlock                                    build/cmsis_os2.o
osMessageQueueDelete                              build/cmsis_os2.o
osMessageQueueGet                                 build/cmsis_os2.o
osMessageQueueGetCapacity                         build/cmsis_os2.o
osMessageQueueGetCount                            build/cmsis_os2.o
osMessageQueueGetMsgSize                          build/cmsis_os2.o
osMessageQueueGetSpace                            build/cmsis_os2.o
osMessageQueueNew                                 build/cmsis_os2.o
osMessageQueuePut                                 build/cmsis_os2.o
osMessageQueueReset                               build/cmsis_os2.o
osMutexAcquire                                    build/cmsis_os2.o
osMutexDelete                                     build/cmsis_os2.o
osMutexGetOwner                                   build/cmsis_os2.o
osMutexNew                                        build/cmsis_os2.o
osMutexRelease                                    build/cmsis_os2.o
osSemaphoreAcquire                                build/cmsis_os2.o
osSemaphoreDelete                                 build/cmsis_os2.o
osSemaphoreGetCount                               build/cmsis_os2.o
osSemaphoreNew                                    build/cmsis_os2.o
osSemaphoreRelease                                build/cmsis_os2.o
osThreadEnumerate                                 build/cmsis_os2.o
osThreadExit                                      build/cmsis_os2.o
osThreadFlagsClear                                build/cmsis_os2.o
osThreadFlagsGet                                  build/cmsis_os2.o
osThreadFlagsSet                                  build/cmsis_os2.o
osThreadFlagsWait                                 build/cmsis_os2.o
osThreadGetCount                                  build/cmsis_os2.o
osThreadGetId                                     build/cmsis_os2.o
osThreadGetName                                   build/cmsis_os2.o
osThreadGetPriority                               build/cmsis_os2.o
osThreadGetStackSize                              build/cmsis_os2.o
osThreadGetStackSpace                             build/cmsis_os2.o
osThreadGetState                                  build/cmsis_os2.o
osThreadNew                                       build/cmsis_os2.o
                                                  build/freertos.o
osThreadResume                                    build/cmsis_os2.o
osThreadSetPriority                               build/cmsis_os2.o
osThreadSuspend                                   build/cmsis_os2.o
osThreadTerminate                                 build/cmsis_os2.o
osThreadYield                                     build/cmsis_os2.o
osTimerDelete                                     build/cmsis_os2.o
osTimerGetName                                    build/cmsis_os2.o
osTimerIsRunning                                  build/cmsis_os2.o
osTimerNew                                        build/cmsis_os2.o
osTimerStart                                      build/cmsis_os2.o
osTimerStop                                       build/cmsis_os2.o
pFlash                                            build/stm32f3xx_hal_flash.o
                                                  build/stm32f3xx_hal_flash_ex.o
pcQueueGetName                                    build/queue.o
pcTaskGetName                                     build/tasks.o
                                                  build/cmsis_os2.o
pcTimerGetName                                    build/timers.o
                                                  build/cmsis_os2.o
pvPortMalloc                                      build/heap_4.o
                                                  build/cmsis_os2.o
                                                  build/timers.o
                                                  build/tasks.o
                                                  build/stream_buffer.o
                                                  build/queue.o
                                                  build/event_groups.o
pvTaskIncrementMutexHeldCount                     build/tasks.o
                                                  build/queue.o
pvTimerGetTimerID                                 build/timers.o
                                                  build/cmsis_os2.o
pxCurrentTCB                                      build/tasks.o
                                                  build/port.o
pxPortInitialiseStack                             build/port.o
                                                  build/tasks.o
software_init_hook                                /opt/homebrew/Cellar/arm-none-eabi-gcc/10.3-2021.07/gcc/bin/../lib/gcc/arm-none-eabi/10.3.1/../../../../arm-none-eabi/lib/thumb/v7e-m+fp/hard/crt0.o
ucQueueGetQueueType                               build/queue.o
ucStreamBufferGetStreamBufferType                 build/stream_buffer.o
ulTaskNotifyTake                                  build/tasks.o
uwTick                                            build/stm32f3xx_hal.o
uwTickFreq                                        build/stm32f3xx_hal.o
uwTickPrio                                        build/stm32f3xx_hal.o
                                                  build/stm32f3xx_hal_rcc.o
uxEventGroupGetNumber                             build/event_groups.o
uxListRemove                                      build/list.o
                                                  build/timers.o
                                                  build/tasks.o
uxQueueGetQueueNumber                             build/queue.o
uxQueueMessagesWaiting                            build/queue.o
                                                  build/cmsis_os2.o
uxQueueMessagesWaitingFromISR                     build/queue.o
                                                  build/cmsis_os2.o
uxQueueSpacesAvailable                            build/queue.o
                                                  build/cmsis_os2.o
uxStreamBufferGetStreamBufferNumber               build/stream_buffer.o
uxTaskGetNumberOfTasks                            build/tasks.o
                                                  build/cmsis_os2.o
uxTaskGetStackHighWaterMark                       build/tasks.o
                                                  build/cmsis_os2.o
uxTaskGetSystemState                              build/tasks.o
                                                  build/cmsis_os2.o
uxTaskGetTaskNumber                               build/tasks.o
uxTaskPriorityGet                                 build/tasks.o
                                                  build/cmsis_os2.o
uxTaskPriorityGetFromISR                          build/tasks.o
uxTaskResetEventItemValue                         build/tasks.o
                                                  build/event_groups.o
uxTimerGetTimerNumber                             build/timers.o
vApplicationGetIdleTaskMemory                     build/cmsis_os2.o
                                                  build/tasks.o
vApplicationGetTimerTaskMemory                    build/cmsis_os2.o
                                                  build/timers.o
vEventGroupClearBitsCallback                      build/event_groups.o
vEventGroupDelete                                 build/event_groups.o
                                                  build/cmsis_os2.o
vEventGroupSetBitsCallback                        build/event_groups.o